# live log · p15u-vs-vallentuna-2026-10-03-6cce · finished · 21:46:43 UTC


## run_full.log (94 lines, last 60)
players: 29985 short gaps filled (marked 'filled' in the export)
ball v2: 135893/178800 frames on the path, 488 static-clutter candidates dropped
ball: dropped 374 static-clutter candidates
ball (global path): 116102/178800 frames on the chosen path
possession: simple model (nearest feet in the picture); 47% loose; restarts from the old model's dead runs (IPANEMA_POSSESSION=viterbi for the old model)
direction: A →  B ←  confidence A 0.08 / B 0.00  WARNING low confidence
direction: from reference labels -> A →
  step: sequences (0 s since the last step)
  spell state (take 1.5 s): possession flips 1361 -> 150 (1.5 per minute)
  step: turnovers (0 s since the last step)
  step: lanes (0 s since the last step)
  step: passes (4 s since the last step)
  step: shapes (1 s since the last step)
  step: stats (9 s since the last step)
  step: metrics (16 s since the last step)
veo: 17 shots incl. 5 goals imported; 0 goal tag(s) rejected; team by eye for 5, from the ball for 0, from the players for 0, unknown for 0
our shot detector vs Veo: found 1/17 of Veo's shots, 1/12 of ours are real (within 10 s)
ball grade: accuracy None, near-player 0.53, possession withheld, events withheld
ball reliability: 82% frames, 53% near a player, 28101 jumps -> UNRELIABLE (stats withheld in app)
  step: export (11 s since the last step)
motion skipped (StopIteration('off until speeds pass the by-eye check (results/review/speedcheck_2026-10-01.md)'))
  wrote 20 frame files (every 3 frames, 300 s each, largest 5.7 MB)
  wrote match_data.json (0.8 MB)
export: /data/match_analysis/runs/matches/p15u-vs-vallentuna-2026-10-03-6cce (1323 events) · library.json updated · zip None
upload: p15u-vs-vallentuna-2026-10-03-6cce -> Supabase + R2 (video, match_data, stats, kit_A, kit_B, frames_000, frames_001, frames_002, frames_003, frames_004, frames_005, frames_006, frames_007, frames_008, frames_009, frames_010, frames_011, frames_012, frames_013, frames_014, frames_015, frames_016, frames_017, frames_018, frames_019, thumb)

--- SUMMARY ---
  match_id                   p15u-vs-vallentuna-2026-10-03-6cce
  ball_reliable              False
  ball_grade                 {'accuracy': None, 'near_player_pct': 0.53, 'frames_pct': 1.0, 'possession_ok': False, 'events_ok': False}
  duration_s                 5966.0
  calibration_coverage       0.7
  calibration_frozen         53574
  team_dark_share            {'A': 0.15, 'B': 0.43}
  players_per_frame_median   {'A': 5.0, 'B': 6.0}
  ball_frames_pct            100
  match_seconds              4880.0
  periods                    [{'index': 1, 't_start': 435.0, 't_end': 2889.99, 'mirrored': False}, {'index': 2, 't_start': 3219.98, 't_end': 5645.01, 'mirrored': True}]
  ball_check                 None
  possession_pct             {'A': 33, 'B': 67}
  loose_pct                  47
  dead_pct                   24
  possession_model           simple
  attack_right               {'A': True, 'B': False}
  direction_confidence       {'A': 0.08, 'B': 0.0}
  turnovers                  228
  passes                     1203
  restarts                   126
  sequences                  429
  shots                      {'A': 8, 'B': 9}
  goals                      {'A': 3, 'B': 2}
  high_turnovers             {'A': 28, 'B': 25}
  field_tilt                 {'A': 25, 'B': 22}
  runtime_min                5.8
QA PASS: pieces processed (20/20)
QA FAIL: calibration (coverage 0.7)
QA FAIL: players per frame (A 5.0 + B 6.0)
QA PASS: team balance (A 5.0 vs B 6.0)
QA PASS: shots and goals from Veo (shots {'A': 8, 'B': 9}, goals {'A': 3, 'B': 2})
QA PASS: match time (4880.0 s of 5966 s)

## train_ball.log (1 lines, last 60)

