[{"stream_name":"stdout","time":77.704839506,"data":"   0.0 min  $ nvidia-smi --query-gpu=name,memory.total --format=csv,noheader -\u003e 0 Tesla T4, 15360 MiB\n"}
,{"stream_name":"stdout","time":77.704886545,"data":"Tesla T4, 15360 MiB\n"}
,{"stream_name":"stdout","time":152.346397854,"data":"   1.2 min  $ rm -rf /kaggle/temp/ia \u0026\u0026 git clone -q --depth 1 https://github.com/danielzh1nt0/ipanema-analysis.git /kaggle/temp/ia -\u003e 0 \n"}
,{"stream_name":"stdout","time":169.007520262,"data":"   1.5 min  $ pip install -q \"rfdetr[train]==1.11.0\" -\u003e 0 ━━━━━━━━━━━━━━━━━━━━━━━━━━━ 336.8/336.8 kB 12.6 MB/s eta 0:00:00\n"}
,{"stream_name":"stdout","time":169.007561232,"data":"   ━━━━━━━━━━━━━━━━━━━━━━━━━━━━━━━━━━━━━━━━ 35.0/35.0 MB 57.5 MB/s eta 0:00:00\n"}
,{"stream_name":"stdout","time":169.007566574,"data":"   ━━━━━━━━━━━━━━━━━━━━━━━━━━━━━━━━━━━━━━━━ 5.4/5.4 MB 100.1 MB/s eta 0:00:00\n"}
,{"stream_name":"stdout","time":169.007570236,"data":"   ━━━━━━━━━━━━━━━━━━━━━━━━━━━━━━━━━━━━━━━━ 58.4/58.4 kB 2.8 MB/s eta 0:00:00\n"}
,{"stream_name":"stdout","time":204.537045466,"data":"   2.1 min  versions {'torch': '2.11.0+cu128', 'rfdetr': '?', 'cuda': True}\n"}
,{"stream_name":"stdout","time":211.01097385,"data":"   2.2 min  downloaded SFKBP1109_s1200/video.mp4: 301 MB in 6 s\n"}
,{"stream_name":"stdout","time":211.974495919,"data":"   2.2 min  paste: {'n': 83, 'sfk': 51, 'k1': 32, 'clip_window_s': [1195, 1505]}\n"}
,{"stream_name":"stdout","time":212.022683871,"data":"[2026-10-03 13:13:12] [INFO] rf-detr - Downloading pretrained weights for /root/.roboflow/models/rf-detr-medium.pth\n"}
,{"stream_name":"stderr","time":216.209845,"data":"\r/root/.roboflow/models/rf-detr-medium.pth:   0%|          | 0.00/386M [00:00\u003c?, ?iB/s]\r/root/.roboflow/models/rf-detr-medium.pth:   1%|          | 2.16M/386M [00:00\u003c00:17, 22.6MiB/s]\r/root/.roboflow/models/rf-detr-medium.pth:   2%|▏         | 8.46M/386M [00:00\u003c00:08, 48.2MiB/s]\r/root/.roboflow/models/rf-detr-medium.pth:   3%|▎         | 13.1M/386M [00:00\u003c00:11, 34.5MiB/s]\r/root/.roboflow/models/rf-detr-medium.pth:   6%|▌         | 23.4M/386M [00:00\u003c00:06, 58.0MiB/s]\r/root/.roboflow/models/rf-detr-medium.pth:   9%|▊         | 33.2M/386M [00:00\u003c00:05, 71.9MiB/s]\r/root/.roboflow/models/rf-detr-medium.pth:  11%|█         | 42.9M/386M [00:00\u003c00:04, 81.3MiB/s]\r/root/.roboflow/models/rf-detr-medium.pth:  14%|█▎        | 52.7M/386M [00:00\u003c00:03, 87.8MiB/s]\r/root/.roboflow/models/rf-detr-medium.pth:  16%|█▌        | 62.2M/386M [00:00\u003c00:03, 91.4MiB/s]\r/root/.roboflow/models/rf-detr-medium.pth:  19%|█▊        | 71.7M/386M [00:00\u003c00:03, 93.8MiB/s]\r/root/.roboflow/models/rf-detr-medium.pth:  21%|██        | 81.1M/386M [00:01\u003c00:03, 95.3MiB/s]\r/root/.roboflow/models/rf-detr-medium.pth:  24%|██▎       | 90.8M/386M [00:01\u003c00:03, 97.2MiB/s]\r/root/.roboflow/models/rf-detr-medium.pth:  26%|██▌       | 100M/386M [00:01\u003c00:03, 98.3MiB/s] \r/root/.roboflow/models/rf-detr-medium.pth:  29%|██▊       | 110M/386M [00:01\u003c00:02, 101MiB/s] \r/root/.roboflow/models/rf-detr-medium.pth:  31%|███▏      | 121M/386M [00:01\u003c00:02, 104MiB/s]\r/root/.roboflow/models/rf-detr-medium.pth:  34%|███▍      | 132M/386M [00:01\u003c00:02, 107MiB/s]\r/root/.roboflow/models/rf-detr-medium.pth:  37%|███▋      | 143M/386M [00:01\u003c00:02, 109MiB/s]\r/root/.roboflow/models/rf-detr-medium.pth:  40%|███▉      | 154M/386M [00:01\u003c00:02, 111MiB/s]\r/root/.roboflow/models/rf-detr-medium.pth:  43%|████▎     | 165M/386M [00:01\u003c00:02, 112MiB/s]\r/root/.roboflow/models/rf-detr-medium.pth:  45%|████▌     | 176M/386M [00:01\u003c00:02, 110MiB/s]\r/root/.roboflow/models/rf-detr-medium.pth:  48%|████▊     | 186M/386M [00:02\u003c00:01, 106MiB/s]\r/root/.roboflow/models/rf-detr-medium.pth:  51%|█████     | 196M/386M [00:02\u003c00:01, 106MiB/s]\r/root/.roboflow/models/rf-detr-medium.pth:  54%|█████▎    | 207M/386M [00:02\u003c00:01, 107MiB/s]\r/root/.roboflow/models/rf-detr-medium.pth:  56%|█████▋    | 218M/386M [00:02\u003c00:01, 109MiB/s]\r/root/.roboflow/models/rf-detr-medium.pth:  59%|█████▉    | 229M/386M [00:02\u003c00:01, 111MiB/s]\r/root/.roboflow/models/rf-detr-medium.pth:  62%|██████▏   | 239M/386M [00:02\u003c00:01, 112MiB/s]\r/root/.roboflow/models/rf-detr-medium.pth:  65%|██████▍   | 250M/386M [00:02\u003c00:01, 113MiB/s]\r/root/.roboflow/models/rf-detr-medium.pth:  68%|██████▊   | 261M/386M [00:02\u003c00:01, 112MiB/s]\r/root/.roboflow/models/rf-detr-medium.pth:  70%|███████   | 272M/386M [00:02\u003c00:01, 108MiB/s]\r/root/.roboflow/models/rf-detr-medium.pth:  73%|███████▎  | 282M/386M [00:03\u003c00:01, 105MiB/s]\r/root/.roboflow/models/rf-detr-medium.pth:  76%|███████▌  | 292M/386M [00:03\u003c00:00, 103MiB/s]\r/root/.roboflow/models/rf-detr-medium.pth:  78%|███████▊  | 302M/386M [00:03\u003c00:00, 102MiB/s]\r/root/.roboflow/models/rf-detr-medium.pth:  81%|████████  | 312M/386M [00:03\u003c00:00, 102MiB/s]\r/root/.roboflow/models/rf-detr-medium.pth:  83%|████████▎ | 322M/386M [00:03\u003c00:00, 103MiB/s]\r/root/.roboflow/models/rf-detr-medium.pth:  86%|████████▌ | 332M/386M [00:03\u003c00:00, 102MiB/s]\r/root/.roboflow/models/rf-detr-medium.pth:  88%|████████▊ | 341M/386M [00:03\u003c00:00, 101MiB/s]\r/root/.roboflow/models/rf-detr-medium.pth:  91%|█████████ | 352M/386M [00:03\u003c00:00, 103MiB/s]\r/root/.roboflow/models/rf-detr-medium.pth:  94%|█████████▍| 363M/386M [00:03\u003c00:00, 107MiB/s]\r/root/.roboflow/models/rf-detr-medium.pth:  97%|█████████▋| 374M/386M [00:03\u003c00:00, 109MiB/s]\r/root/.roboflow/models/rf-detr-medium.pth:  99%|█████████▉| 384M/386M [00:04\u003c00:00, 109MiB/s]\r/root/.roboflow/models/rf-detr-medium.pth: 100%|██████████| 386M/386M [00:04\u003c00:00, 99.5MiB/s]\n"}
,{"stream_name":"stdout","time":217.121282652,"data":"[2026-10-03 13:13:17] [INFO] rf-detr - MD5 validation successful for /root/.roboflow/models/rf-detr-medium.pth\n"}
,{"stream_name":"stderr","time":217.125423192,"data":"[2026-10-03 13:13:17] [WARNING] rf-detr - Using a different number of positional encodings than DINOv2, which means we're not loading DINOv2 backbone weights. This is not a problem if finetuning a pretrained RF-DETR model.\n"}
,{"stream_name":"stderr","time":217.125445279,"data":"[2026-10-03 13:13:17] [WARNING] rf-detr - Using patch size 16 instead of 14, which means we're not loading DINOv2 backbone weights. This is not a problem if finetuning a pretrained RF-DETR model.\n"}
,{"stream_name":"stdout","time":218.721525903,"data":"[2026-10-03 13:13:19] [INFO] rf-detr - File /root/.roboflow/models/rf-detr-medium.pth already exists with correct MD5 hash.\n"}
,{"stream_name":"stdout","time":220.729274631,"data":"   2.4 min  downloaded labels/p15u-vs-vasalund-2026-09-20_trainset_clicks.json: 0 MB in 0 s\n"}
,{"stream_name":"stdout","time":283.861814256,"data":"   3.4 min  downloaded p15u-vs-vasalund-2026-09-20/video.mp4: 3289 MB in 63 s\n"}
,{"stream_name":"stderr","time":290.040112809,"data":"[2026-10-03 13:14:30] [WARNING] rf-detr - Model is not optimized for inference. Latency may be higher than expected. For full GPU throughput (e.g. ~8x on T4 via FP16 Tensor Cores), call model.inference(dtype=torch.float16).\n"}
,{"stream_name":"stdout","time":563.306281183,"data":"   8.1 min  p15u-vs-vasalund-2026-09-20: 1008 labels, 1008 usable, 1008 frames -\u003e {'train_ball': 963, 'train_empty': 228, 'valid_ball': 40, 'valid_empty': 9} in 279s\n"}
,{"stream_name":"stdout","time":563.589187789,"data":"   8.1 min  downloaded labels/p09-norrviken-vs-solheim-2026-08-30_trainset_clicks.json: 2 MB in 0 s\n"}
,{"stream_name":"stdout","time":635.133544169,"data":"   9.3 min  downloaded p09-norrviken-vs-solheim-2026-08-30/video.mp4: 3733 MB in 72 s\n"}
,{"stream_name":"stdout","time":1198.775582124,"data":"  18.7 min  p09-norrviken-vs-solheim-2026-08-30: 23000 labels, 23000 usable, 1150 frames -\u003e {'train_ball': 1104, 'train_empty': 272, 'valid_ball': 46, 'valid_empty': 14} in 564s\n"}
,{"stream_name":"stdout","time":1199.084661035,"data":"  18.7 min  downloaded labels/p15u-vs-spanga-2026-09-25_trainset_clicks.json: 0 MB in 0 s\n"}
,{"stream_name":"stdout","time":1238.26076747,"data":"  19.3 min  urllib failed on p15u-vs-spanga-2026-09-25/video.mp4 (ConnectionResetError(104, 'Connection reset by peer')); trying curl\n"}
,{"stream_name":"stdout","time":1306.929331288,"data":"  20.5 min  downloaded p15u-vs-spanga-2026-09-25/video.mp4: 3280 MB in 108 s\n"}
,{"stream_name":"stdout","time":1635.326760252,"data":"  26.0 min  p15u-vs-spanga-2026-09-25: 2613 labels, 2613 usable, 1150 frames -\u003e {'train_ball': 1104, 'train_empty': 290, 'valid_ball': 46, 'valid_empty': 12} in 328s\n"}
,{"stream_name":"stdout","time":1635.663455071,"data":"  26.0 min  downloaded labels/p15u-vs-djursholm-2026-09-26_trainset_clicks.json: 4 MB in 0 s\n"}
,{"stream_name":"stdout","time":1713.992466618,"data":"  27.3 min  downloaded p15u-vs-djursholm-2026-09-26/video.mp4: 4086 MB in 78 s\n"}
,{"stream_name":"stdout","time":2252.351803892,"data":"  36.2 min  p15u-vs-djursholm-2026-09-26: 43560 labels, 43560 usable, 1150 frames -\u003e {'train_ball': 1104, 'train_empty': 279, 'valid_ball': 46, 'valid_empty': 12} in 538s\n"}
,{"stream_name":"stdout","time":2321.233662682,"data":"  37.4 min  downloaded SFKBP1109/video.mp4: 3589 MB in 69 s\n"}
,{"stream_name":"stdout","time":2471.468450017,"data":"  39.9 min  pasted: {'crops_tried': 4983, 'pasted': 4847, 'kinds': {'open': 1918, 'feet': 2409, 'line': 520}, 'd_px_p10_p50_p90': [5.1, 6.9, 7.8]}\n"}
,{"stream_name":"stdout","time":2471.504835587,"data":"  39.9 min  dataset: {'train_ball': 4983, 'train_empty': 1189, 'valid_ball': 178, 'valid_empty': 47}\n"}
,{"stream_name":"stdout","time":2473.368302467,"data":"[2026-10-03 13:50:54] [INFO] rf-detr - Downloading pretrained weights for /root/.roboflow/models/rf-detr-small.pth\n"}
,{"stream_name":"stderr","time":2477.084377302,"data":"\r/root/.roboflow/models/rf-detr-small.pth:   0%|          | 0.00/368M [00:00\u003c?, ?iB/s]\r/root/.roboflow/models/rf-detr-small.pth:   1%|          | 4.00M/368M [00:00\u003c00:10, 37.9MiB/s]\r/root/.roboflow/models/rf-detr-small.pth:   3%|▎         | 12.6M/368M [00:00\u003c00:05, 67.2MiB/s]\r/root/.roboflow/models/rf-detr-small.pth:   6%|▌         | 22.1M/368M [00:00\u003c00:04, 81.7MiB/s]\r/root/.roboflow/models/rf-detr-small.pth:   9%|▊         | 31.9M/368M [00:00\u003c00:03, 89.8MiB/s]\r/root/.roboflow/models/rf-detr-small.pth:  11%|█▏        | 41.6M/368M [00:00\u003c00:03, 94.3MiB/s]\r/root/.roboflow/models/rf-detr-small.pth:  14%|█▍        | 51.9M/368M [00:00\u003c00:03, 98.8MiB/s]\r/root/.roboflow/models/rf-detr-small.pth:  17%|█▋        | 62.0M/368M [00:00\u003c00:03, 101MiB/s] \r/root/.roboflow/models/rf-detr-small.pth:  20%|█▉        | 72.1M/368M [00:00\u003c00:03, 103MiB/s]\r/root/.roboflow/models/rf-detr-small.pth:  22%|██▏       | 82.3M/368M [00:00\u003c00:02, 104MiB/s]\r/root/.roboflow/models/rf-detr-small.pth:  25%|██▌       | 92.6M/368M [00:01\u003c00:02, 105MiB/s]\r/root/.roboflow/models/rf-detr-small.pth:  28%|██▊       | 103M/368M [00:01\u003c00:02, 106MiB/s] \r/root/.roboflow/models/rf-detr-small.pth:  31%|███       | 113M/368M [00:01\u003c00:02, 105MiB/s]\r/root/.roboflow/models/rf-detr-small.pth:  33%|███▎      | 123M/368M [00:01\u003c00:02, 106MiB/s]\r/root/.roboflow/models/rf-detr-small.pth:  36%|███▋      | 134M/368M [00:01\u003c00:02, 107MiB/s]\r/root/.roboflow/models/rf-detr-small.pth:  39%|███▉      | 144M/368M [00:01\u003c00:02, 108MiB/s]\r/root/.roboflow/models/rf-detr-small.pth:  42%|████▏     | 155M/368M [00:01\u003c00:02, 110MiB/s]\r/root/.roboflow/models/rf-detr-small.pth:  45%|████▌     | 166M/368M [00:01\u003c00:01, 112MiB/s]\r/root/.roboflow/models/rf-detr-small.pth:  48%|████▊     | 177M/368M [00:01\u003c00:01, 113MiB/s]\r/root/.roboflow/models/rf-detr-small.pth:  51%|█████     | 188M/368M [00:01\u003c00:01, 113MiB/s]\r/root/.roboflow/models/rf-detr-small.pth:  54%|█████▍    | 199M/368M [00:02\u003c00:01, 113MiB/s]\r/root/.roboflow/models/rf-detr-small.pth:  57%|█████▋    | 209M/368M [00:02\u003c00:01, 109MiB/s]\r/root/.roboflow/models/rf-detr-small.pth:  60%|█████▉    | 220M/368M [00:02\u003c00:01, 110MiB/s]\r/root/.roboflow/models/rf-detr-small.pth:  63%|██████▎   | 231M/368M [00:02\u003c00:01, 107MiB/s]\r/root/.roboflow/models/rf-detr-small.pth:  65%|██████▌   | 241M/368M [00:02\u003c00:01, 107MiB/s]\r/root/.roboflow/models/rf-detr-small.pth:  68%|██████▊   | 252M/368M [00:02\u003c00:01, 109MiB/s]\r/root/.roboflow/models/rf-detr-small.pth:  71%|███████   | 262M/368M [00:02\u003c00:01, 109MiB/s]\r/root/.roboflow/models/rf-detr-small.pth:  74%|███████▍  | 273M/368M [00:02\u003c00:00, 110MiB/s]\r/root/.roboflow/models/rf-detr-small.pth:  77%|███████▋  | 283M/368M [00:02\u003c00:00, 110MiB/s]\r/root/.roboflow/models/rf-detr-small.pth:  80%|███████▉  | 294M/368M [00:02\u003c00:00, 111MiB/s]\r/root/.roboflow/models/rf-detr-small.pth:  83%|████████▎ | 305M/368M [00:03\u003c00:00, 112MiB/s]\r/root/.roboflow/models/rf-detr-small.pth:  86%|████████▌ | 316M/368M [00:03\u003c00:00, 112MiB/s]\r/root/.roboflow/models/rf-detr-small.pth:  89%|████████▊ | 327M/368M [00:03\u003c00:00, 111MiB/s]\r/root/.roboflow/models/rf-detr-small.pth:  92%|█████████▏| 337M/368M [00:03\u003c00:00, 111MiB/s]\r/root/.roboflow/models/rf-detr-small.pth:  95%|█████████▍| 348M/368M [00:03\u003c00:00, 112MiB/s]\r/root/.roboflow/models/rf-detr-small.pth:  98%|█████████▊| 359M/368M [00:03\u003c00:00, 113MiB/s]\r/root/.roboflow/models/rf-detr-small.pth: 100%|██████████| 368M/368M [00:03\u003c00:00, 107MiB/s]\n"}
,{"stream_name":"stdout","time":2477.94584844,"data":"[2026-10-03 13:50:58] [INFO] rf-detr - MD5 validation successful for /root/.roboflow/models/rf-detr-small.pth\n"}
,{"stream_name":"stderr","time":2477.948678181,"data":"[2026-10-03 13:50:58] [WARNING] rf-detr - Using a different number of positional encodings than DINOv2, which means we're not loading DINOv2 backbone weights. This is not a problem if finetuning a pretrained RF-DETR model.\n"}
,{"stream_name":"stderr","time":2477.948700611,"data":"[2026-10-03 13:50:58] [WARNING] rf-detr - Using patch size 16 instead of 14, which means we're not loading DINOv2 backbone weights. This is not a problem if finetuning a pretrained RF-DETR model.\n"}
,{"stream_name":"stdout","time":2479.295957533,"data":"[2026-10-03 13:51:00] [INFO] rf-detr - File /root/.roboflow/models/rf-detr-small.pth already exists with correct MD5 hash.\n"}
,{"stream_name":"stdout","time":2480.967750449,"data":"  40.1 min  training RF-DETR small at 640 px, 12 epochs, batch 4, cap 2.6 h\n"}
,{"stream_name":"stderr","time":2480.972878559,"data":"[2026-10-03 13:51:01] [WARNING] rf-detr - Using a different number of positional encodings than DINOv2, which means we're not loading DINOv2 backbone weights. This is not a problem if finetuning a pretrained RF-DETR model.\n"}
,{"stream_name":"stderr","time":2480.973179285,"data":"[2026-10-03 13:51:01] [WARNING] rf-detr - Using patch size 16 instead of 14, which means we're not loading DINOv2 backbone weights. This is not a problem if finetuning a pretrained RF-DETR model.\n"}
,{"stream_name":"stdout","time":2482.268510439,"data":"[2026-10-03 13:51:03] [INFO] rf-detr - File /root/.roboflow/models/rf-detr-small.pth already exists with correct MD5 hash.\n"}
,{"stream_name":"stderr","time":2483.82053718,"data":"[2026-10-03 13:51:04] [WARNING] rf-detr - Checkpoint has 90 classes but model is configured for 1. The detection head will be re-initialized to 1 classes.\n"}
,{"stream_name":"stderr","time":2485.022225917,"data":"Using 16bit Automatic Mixed Precision (AMP)\n"}
,{"stream_name":"stderr","time":2485.079615852,"data":"GPU available: True (cuda), used: True\n"}
,{"stream_name":"stderr","time":2485.07964483,"data":"TPU available: False, using: 0 TPU cores\n"}
,{"stream_name":"stderr","time":2485.079653454,"data":"💡 Tip: For seamless cloud logging and experiment tracking, try installing [litlogger](https://pypi.org/project/litlogger/) to enable LitLogger, which logs metrics and artifacts automatically to the Lightning Experiments platform.\n"}
,{"stream_name":"stderr","time":2485.081545643,"data":"/usr/local/lib/python3.13/dist-packages/lightning_fabric/loggers/csv_logs.py:268: Experiment logs directory /kaggle/temp/rf_out/ exists and is not empty. Previous log files in this directory will be deleted when the new ones are saved!\n"}
,{"stream_name":"stdout","time":2485.083022253,"data":"[2026-10-03 13:51:05] [INFO] rf-detr - Using multi-scale training with square resize and scales: [768]\n"}
,{"stream_name":"stdout","time":2485.086749765,"data":"[2026-10-03 13:51:05] [INFO] rf-detr - Built 1 Albumentations transforms from config\n"}
,{"stream_name":"stdout","time":2485.08733287,"data":"[2026-10-03 13:51:05] [INFO] rf-detr - Built 1 Albumentations transforms from config\n"}
,{"stream_name":"stdout","time":2486.314349526,"data":"creating index...\n"}
,{"stream_name":"stdout","time":2486.319002303,"data":"index created!\n"}
,{"stream_name":"stdout","time":2486.320160563,"data":"[2026-10-03 13:51:07] [INFO] rf-detr - Using multi-scale training with square resize and scales: [768]\n"}
,{"stream_name":"stdout","time":2486.363833761,"data":"creating index...\n"}
,{"stream_name":"stdout","time":2486.364162948,"data":"index created!\n"}
,{"stream_name":"stderr","time":2487.51691079,"data":"/usr/local/lib/python3.13/dist-packages/pytorch_lightning/callbacks/model_checkpoint.py:881: Checkpoint directory /kaggle/temp/rf_out exists and is not empty.\n"}
,{"stream_name":"stderr","time":2487.51764017,"data":"LOCAL_RANK: 0 - CUDA_VISIBLE_DEVICES: [0,1]\n"}
,{"stream_name":"stderr","time":2487.592194497,"data":"Loading `train_dataloader` to estimate number of stepping batches.\n"}
,{"stream_name":"stderr","time":2487.593123442,"data":"/usr/local/lib/python3.13/dist-packages/pytorch_lightning/utilities/_pytree.py:21: `isinstance(treespec, LeafSpec)` is deprecated, use `isinstance(treespec, TreeSpec) and treespec.is_leaf()` instead.\n"}
,{"stream_name":"stderr","time":2487.992131336,"data":"/usr/local/lib/python3.13/dist-packages/pytorch_lightning/utilities/model_summary/model_summary.py:242: Precision 16-mixed is not supported by the model summary.  Estimated model size in MB will not be accurate. Using 32 bits instead.\n"}
,{"stream_name":"stdout","time":2488.024542452,"data":"┏━━━┳━━━━━━━━━━━━━┳━━━━━━━━━━━━━━┳━━━━━━━━┳━━━━━━━┳━━━━━━━┓\n"}
,{"stream_name":"stdout","time":2488.024583371,"data":"┃   ┃ Name        ┃ Type         ┃ Params ┃ Mode  ┃ FLOPs ┃\n"}
,{"stream_name":"stdout","time":2488.024608818,"data":"┡━━━╇━━━━━━━━━━━━━╇━━━━━━━━━━━━━━╇━━━━━━━━╇━━━━━━━╇━━━━━━━┩\n"}
,{"stream_name":"stdout","time":2488.024615547,"data":"│ 0 │ model       │ LWDETR       │ 32.0 M │ train │     0 │\n"}
,{"stream_name":"stdout","time":2488.024620369,"data":"│ 1 │ criterion   │ SetCriterion │      0 │ train │     0 │\n"}
,{"stream_name":"stdout","time":2488.02462566,"data":"│ 2 │ postprocess │ PostProcess  │      0 │ train │     0 │\n"}
,{"stream_name":"stdout","time":2488.024631038,"data":"└───┴─────────────┴──────────────┴────────┴───────┴───────┘\n"}
,{"stream_name":"stdout","time":2488.029016872,"data":"Trainable params: 32.0 M                                                        \n"}
,{"stream_name":"stdout","time":2488.029046361,"data":"Non-trainable params: 0                                                         \n"}
,{"stream_name":"stdout","time":2488.029051909,"data":"Total params: 32.0 M                                                            \n"}
,{"stream_name":"stdout","time":2488.029056495,"data":"Total estimated model params size (MB): 128.049                                 \n"}
,{"stream_name":"stdout","time":2488.029061206,"data":"Modules in train mode: 466                                                      \n"}
,{"stream_name":"stdout","time":2488.029065799,"data":"Modules in eval mode: 0                                                         \n"}
,{"stream_name":"stdout","time":2488.029070406,"data":"Total FLOPs: 0                                                                  \n"}
,{"stream_name":"stderr","time":2488.029887873,"data":"Seed set to 0\n"}
,{"stream_name":"stderr","time":2489.14416016,"data":"/usr/local/lib/python3.13/dist-packages/rfdetr/models/_assignment.py:76: RuntimeWarning: Triton linear-assignment support is unavailable for this CUDA input; using SciPy on CPU.\n"}
,{"stream_name":"stderr","time":2489.144225118,"data":"  assignment = torch_linear_assignment.batch_linear_assignment(stacked)\n"}
,{"stream_name":"stderr","time":2491.034143536,"data":"/usr/local/lib/python3.13/dist-packages/pytorch_lightning/core/module.py:1333: Detected call of `lr_scheduler.step()` before `optimizer.step()`. In PyTorch 1.1.0 and later, you should call them in the opposite order: `optimizer.step()` before `lr_scheduler.step()`.  Failure to do this will result in PyTorch skipping the first value of the learning rate schedule. See more details at https://pytorch.org/docs/stable/optim.html#how-to-adjust-learning-rate\n"}
,{"stream_name":"stdout","time":2996.96479783,"data":"[2026-10-03 13:59:37] [INFO] rf-detr - Skipping validation-loss computation: compute_val_loss='auto' found no scheduler or callback monitoring 'val/loss', so no 'val/loss' metric is logged this run. Set compute_val_loss=True to log it every validation epoch (for example to read the curve from metrics.csv, TensorBoard, or Weights \u0026 Biases).\n"}
,{"stream_name":"stdout","time":3000.867333979,"data":"            Val \u001b[1m(\u001b[0mema\u001b[1m)\u001b[0m \u001b[1m(\u001b[0mEpoch \u001b[1;36m1\u001b[0m/\u001b[1;36m12\u001b[0m\u001b[1m)\u001b[0m — Overall Metrics            \n"}
,{"stream_name":"stdout","time":3000.86737333,"data":"┏━━━━━━━━━━━━━━━━━━━━━━━━━━┳━━━━━━━━┳━━━━━━━━━━━━━━━━━━━━━━━━━━┓\n"}
,{"stream_name":"stdout","time":3000.867381981,"data":"┃           mAP            ┃  mAR   ┃         F1 sweep         ┃\n"}
,{"stream_name":"stdout","time":3000.867400905,"data":"┡━━━━━━━━┯━━━━━━━━┯━━━━━━━━╇━━━━━━━━╇━━━━━━━━┯━━━━━━━━┯━━━━━━━━┩\n"}
,{"stream_name":"stdout","time":3000.867406247,"data":"│ \u001b[1;92m50:95\u001b[0m  │   \u001b[1;36m50\u001b[0m   │   \u001b[1;36m75\u001b[0m   │  @\u001b[1;36m500\u001b[0m  │   F1   │  Prec  │ Recall │\n"}
,{"stream_name":"stdout","time":3000.867410668,"data":"├────────┼────────┼────────┼────────┼────────┼────────┼────────┤\n"}
,{"stream_name":"stdout","time":3000.867415055,"data":"│ \u001b[1;36m0.5185\u001b[0m │ \u001b[1;36m0.9036\u001b[0m │ \u001b[1;36m0.5246\u001b[0m │ \u001b[1;36m0.6916\u001b[0m │ \u001b[1;36m0.8714\u001b[0m │ \u001b[1;36m0.8177\u001b[0m │ \u001b[1;36m0.9326\u001b[0m │\n"}
,{"stream_name":"stdout","time":3000.867420199,"data":"└────────┴────────┴────────┴────────┴────────┴────────┴────────┘\n"}
,{"stream_name":"stdout","time":3001.076130836,"data":"[2026-10-03 13:59:41] [INFO] rf-detr - Best EMA metric improved to 0.5185 (epoch 0)\n"}
,{"stream_name":"stdout","time":3517.494906324,"data":"            Val \u001b[1m(\u001b[0mema\u001b[1m)\u001b[0m \u001b[1m(\u001b[0mEpoch \u001b[1;36m2\u001b[0m/\u001b[1;36m12\u001b[0m\u001b[1m)\u001b[0m — Overall Metrics            \n"}
,{"stream_name":"stdout","time":3517.494961608,"data":"┏━━━━━━━━━━━━━━━━━━━━━━━━━━┳━━━━━━━━┳━━━━━━━━━━━━━━━━━━━━━━━━━━┓\n"}
,{"stream_name":"stdout","time":3517.494970685,"data":"┃           mAP            ┃  mAR   ┃         F1 sweep         ┃\n"}
,{"stream_name":"stdout","time":3517.494975967,"data":"┡━━━━━━━━┯━━━━━━━━┯━━━━━━━━╇━━━━━━━━╇━━━━━━━━┯━━━━━━━━┯━━━━━━━━┩\n"}
,{"stream_name":"stdout","time":3517.494981221,"data":"│ \u001b[1;92m50:95\u001b[0m  │   \u001b[1;36m50\u001b[0m   │   \u001b[1;36m75\u001b[0m   │  @\u001b[1;36m500\u001b[0m  │   F1   │  Prec  │ Recall │\n"}
,{"stream_name":"stdout","time":3517.494986619,"data":"├────────┼────────┼────────┼────────┼────────┼────────┼────────┤\n"}
,{"stream_name":"stdout","time":3517.494991653,"data":"│ \u001b[1;36m0.5291\u001b[0m │ \u001b[1;36m0.9114\u001b[0m │ \u001b[1;36m0.5455\u001b[0m │ \u001b[1;36m0.6949\u001b[0m │ \u001b[1;36m0.8774\u001b[0m │ \u001b[1;36m0.8519\u001b[0m │ \u001b[1;36m0.9045\u001b[0m │\n"}
,{"stream_name":"stdout","time":3517.494999115,"data":"└────────┴────────┴────────┴────────┴────────┴────────┴────────┘\n"}
,{"stream_name":"stdout","time":3517.685706065,"data":"[2026-10-03 14:08:18] [INFO] rf-detr - Best EMA metric improved to 0.5291 (epoch 1)\n"}
,{"stream_name":"stdout","time":4033.798910425,"data":"            Val \u001b[1m(\u001b[0mema\u001b[1m)\u001b[0m \u001b[1m(\u001b[0mEpoch \u001b[1;36m3\u001b[0m/\u001b[1;36m12\u001b[0m\u001b[1m)\u001b[0m — Overall Metrics            \n"}
,{"stream_name":"stdout","time":4033.798972017,"data":"┏━━━━━━━━━━━━━━━━━━━━━━━━━━┳━━━━━━━━┳━━━━━━━━━━━━━━━━━━━━━━━━━━┓\n"}
,{"stream_name":"stdout","time":4033.79901198,"data":"┃           mAP            ┃  mAR   ┃         F1 sweep         ┃\n"}
,{"stream_name":"stdout","time":4033.79901521,"data":"┡━━━━━━━━┯━━━━━━━━┯━━━━━━━━╇━━━━━━━━╇━━━━━━━━┯━━━━━━━━┯━━━━━━━━┩\n"}
,{"stream_name":"stdout","time":4033.799017986,"data":"│ \u001b[1;92m50:95\u001b[0m  │   \u001b[1;36m50\u001b[0m   │   \u001b[1;36m75\u001b[0m   │  @\u001b[1;36m500\u001b[0m  │   F1   │  Prec  │ Recall │\n"}
,{"stream_name":"stdout","time":4033.79902086,"data":"├────────┼────────┼────────┼────────┼────────┼────────┼────────┤\n"}
,{"stream_name":"stdout","time":4033.799023469,"data":"│ \u001b[1;36m0.5446\u001b[0m │ \u001b[1;36m0.9138\u001b[0m │ \u001b[1;36m0.5617\u001b[0m │ \u001b[1;36m0.6989\u001b[0m │ \u001b[1;36m0.8619\u001b[0m │ \u001b[1;36m0.8478\u001b[0m │ \u001b[1;36m0.8764\u001b[0m │\n"}
,{"stream_name":"stdout","time":4033.799026427,"data":"└────────┴────────┴────────┴────────┴────────┴────────┴────────┘\n"}
,{"stream_name":"stdout","time":4034.022407075,"data":"[2026-10-03 14:16:54] [INFO] rf-detr - Best EMA metric improved to 0.5446 (epoch 2)\n"}
,{"stream_name":"stdout","time":4546.468933833,"data":"            Val \u001b[1m(\u001b[0mema\u001b[1m)\u001b[0m \u001b[1m(\u001b[0mEpoch \u001b[1;36m4\u001b[0m/\u001b[1;36m12\u001b[0m\u001b[1m)\u001b[0m — Overall Metrics            \n"}
,{"stream_name":"stdout","time":4546.46901095,"data":"┏━━━━━━━━━━━━━━━━━━━━━━━━━━┳━━━━━━━━┳━━━━━━━━━━━━━━━━━━━━━━━━━━┓\n"}
,{"stream_name":"stdout","time":4546.469022322,"data":"┃           mAP            ┃  mAR   ┃         F1 sweep         ┃\n"}
,{"stream_name":"stdout","time":4546.469027633,"data":"┡━━━━━━━━┯━━━━━━━━┯━━━━━━━━╇━━━━━━━━╇━━━━━━━━┯━━━━━━━━┯━━━━━━━━┩\n"}
,{"stream_name":"stdout","time":4546.469032932,"data":"│ \u001b[1;92m50:95\u001b[0m  │   \u001b[1;36m50\u001b[0m   │   \u001b[1;36m75\u001b[0m   │  @\u001b[1;36m500\u001b[0m  │   F1   │  Prec  │ Recall │\n"}
,{"stream_name":"stdout","time":4546.469038466,"data":"├────────┼────────┼────────┼────────┼────────┼────────┼────────┤\n"}
,{"stream_name":"stdout","time":4546.469043481,"data":"│ \u001b[1;36m0.5410\u001b[0m │ \u001b[1;36m0.8996\u001b[0m │ \u001b[1;36m0.5737\u001b[0m │ \u001b[1;36m0.7073\u001b[0m │ \u001b[1;36m0.8587\u001b[0m │ \u001b[1;36m0.8316\u001b[0m │ \u001b[1;36m0.8876\u001b[0m │\n"}
,{"stream_name":"stdout","time":4546.469053952,"data":"└────────┴────────┴────────┴────────┴────────┴────────┴────────┘\n"}
,{"stream_name":"stdout","time":5059.451662553,"data":"            Val \u001b[1m(\u001b[0mema\u001b[1m)\u001b[0m \u001b[1m(\u001b[0mEpoch \u001b[1;36m5\u001b[0m/\u001b[1;36m12\u001b[0m\u001b[1m)\u001b[0m — Overall Metrics            \n"}
,{"stream_name":"stdout","time":5059.451744503,"data":"┏━━━━━━━━━━━━━━━━━━━━━━━━━━┳━━━━━━━━┳━━━━━━━━━━━━━━━━━━━━━━━━━━┓\n"}
,{"stream_name":"stdout","time":5059.451762905,"data":"┃           mAP            ┃  mAR   ┃         F1 sweep         ┃\n"}
,{"stream_name":"stdout","time":5059.451766029,"data":"┡━━━━━━━━┯━━━━━━━━┯━━━━━━━━╇━━━━━━━━╇━━━━━━━━┯━━━━━━━━┯━━━━━━━━┩\n"}
,{"stream_name":"stdout","time":5059.451768751,"data":"│ \u001b[1;92m50:95\u001b[0m  │   \u001b[1;36m50\u001b[0m   │   \u001b[1;36m75\u001b[0m   │  @\u001b[1;36m500\u001b[0m  │   F1   │  Prec  │ Recall │\n"}
,{"stream_name":"stdout","time":5059.451771729,"data":"├────────┼────────┼────────┼────────┼────────┼────────┼────────┤\n"}
,{"stream_name":"stdout","time":5059.451774341,"data":"│ \u001b[1;36m0.5366\u001b[0m │ \u001b[1;36m0.8723\u001b[0m │ \u001b[1;36m0.5873\u001b[0m │ \u001b[1;36m0.7112\u001b[0m │ \u001b[1;36m0.8288\u001b[0m │ \u001b[1;36m0.8903\u001b[0m │ \u001b[1;36m0.7753\u001b[0m │\n"}
,{"stream_name":"stdout","time":5059.451778138,"data":"└────────┴────────┴────────┴────────┴────────┴────────┴────────┘\n"}
,{"stream_name":"stdout","time":5567.43203267,"data":"            Val \u001b[1m(\u001b[0mema\u001b[1m)\u001b[0m \u001b[1m(\u001b[0mEpoch \u001b[1;36m6\u001b[0m/\u001b[1;36m12\u001b[0m\u001b[1m)\u001b[0m — Overall Metrics            \n"}
,{"stream_name":"stdout","time":5567.432085028,"data":"┏━━━━━━━━━━━━━━━━━━━━━━━━━━┳━━━━━━━━┳━━━━━━━━━━━━━━━━━━━━━━━━━━┓\n"}
,{"stream_name":"stdout","time":5567.432109495,"data":"┃           mAP            ┃  mAR   ┃         F1 sweep         ┃\n"}
,{"stream_name":"stdout","time":5567.432116528,"data":"┡━━━━━━━━┯━━━━━━━━┯━━━━━━━━╇━━━━━━━━╇━━━━━━━━┯━━━━━━━━┯━━━━━━━━┩\n"}
,{"stream_name":"stdout","time":5567.432121755,"data":"│ \u001b[1;92m50:95\u001b[0m  │   \u001b[1;36m50\u001b[0m   │   \u001b[1;36m75\u001b[0m   │  @\u001b[1;36m500\u001b[0m  │   F1   │  Prec  │ Recall │\n"}
,{"stream_name":"stdout","time":5567.432127245,"data":"├────────┼────────┼────────┼────────┼────────┼────────┼────────┤\n"}
,{"stream_name":"stdout","time":5567.432137492,"data":"│ \u001b[1;36m0.5379\u001b[0m │ \u001b[1;36m0.8610\u001b[0m │ \u001b[1;36m0.5828\u001b[0m │ \u001b[1;36m0.7197\u001b[0m │ \u001b[1;36m0.8214\u001b[0m │ \u001b[1;36m0.8734\u001b[0m │ \u001b[1;36m0.7753\u001b[0m │\n"}
,{"stream_name":"stdout","time":5567.432141843,"data":"└────────┴────────┴────────┴────────┴────────┴────────┴────────┘\n"}
,{"stream_name":"stdout","time":6086.060609211,"data":"            Val \u001b[1m(\u001b[0mema\u001b[1m)\u001b[0m \u001b[1m(\u001b[0mEpoch \u001b[1;36m7\u001b[0m/\u001b[1;36m12\u001b[0m\u001b[1m)\u001b[0m — Overall Metrics            \n"}
,{"stream_name":"stdout","time":6086.060658744,"data":"┏━━━━━━━━━━━━━━━━━━━━━━━━━━┳━━━━━━━━┳━━━━━━━━━━━━━━━━━━━━━━━━━━┓\n"}
,{"stream_name":"stdout","time":6086.060667081,"data":"┃           mAP            ┃  mAR   ┃         F1 sweep         ┃\n"}
,{"stream_name":"stdout","time":6086.060687576,"data":"┡━━━━━━━━┯━━━━━━━━┯━━━━━━━━╇━━━━━━━━╇━━━━━━━━┯━━━━━━━━┯━━━━━━━━┩\n"}
,{"stream_name":"stdout","time":6086.060692423,"data":"│ \u001b[1;92m50:95\u001b[0m  │   \u001b[1;36m50\u001b[0m   │   \u001b[1;36m75\u001b[0m   │  @\u001b[1;36m500\u001b[0m  │   F1   │  Prec  │ Recall │\n"}
,{"stream_name":"stdout","time":6086.060697141,"data":"├────────┼────────┼────────┼────────┼────────┼────────┼────────┤\n"}
,{"stream_name":"stdout","time":6086.06070148,"data":"│ \u001b[1;36m0.5480\u001b[0m │ \u001b[1;36m0.8634\u001b[0m │ \u001b[1;36m0.6229\u001b[0m │ \u001b[1;36m0.7270\u001b[0m │ \u001b[1;36m0.8174\u001b[0m │ \u001b[1;36m0.7937\u001b[0m │ \u001b[1;36m0.8427\u001b[0m │\n"}
,{"stream_name":"stdout","time":6086.060706396,"data":"└────────┴────────┴────────┴────────┴────────┴────────┴────────┘\n"}
,{"stream_name":"stdout","time":6086.253768781,"data":"[2026-10-03 14:51:07] [INFO] rf-detr - Best EMA metric improved to 0.5480 (epoch 6)\n"}
,{"stream_name":"stdout","time":6597.12911695,"data":"            Val \u001b[1m(\u001b[0mema\u001b[1m)\u001b[0m \u001b[1m(\u001b[0mEpoch \u001b[1;36m8\u001b[0m/\u001b[1;36m12\u001b[0m\u001b[1m)\u001b[0m — Overall Metrics            \n"}
,{"stream_name":"stdout","time":6597.129167789,"data":"┏━━━━━━━━━━━━━━━━━━━━━━━━━━┳━━━━━━━━┳━━━━━━━━━━━━━━━━━━━━━━━━━━┓\n"}
,{"stream_name":"stdout","time":6597.129176553,"data":"┃           mAP            ┃  mAR   ┃         F1 sweep         ┃\n"}
,{"stream_name":"stdout","time":6597.129181993,"data":"┡━━━━━━━━┯━━━━━━━━┯━━━━━━━━╇━━━━━━━━╇━━━━━━━━┯━━━━━━━━┯━━━━━━━━┩\n"}
,{"stream_name":"stdout","time":6597.129187781,"data":"│ \u001b[1;92m50:95\u001b[0m  │   \u001b[1;36m50\u001b[0m   │   \u001b[1;36m75\u001b[0m   │  @\u001b[1;36m500\u001b[0m  │   F1   │  Prec  │ Recall │\n"}
,{"stream_name":"stdout","time":6597.129193511,"data":"├────────┼────────┼────────┼────────┼────────┼────────┼────────┤\n"}
,{"stream_name":"stdout","time":6597.129199149,"data":"│ \u001b[1;36m0.5524\u001b[0m │ \u001b[1;36m0.8684\u001b[0m │ \u001b[1;36m0.6171\u001b[0m │ \u001b[1;36m0.7287\u001b[0m │ \u001b[1;36m0.8301\u001b[0m │ \u001b[1;36m0.8232\u001b[0m │ \u001b[1;36m0.8371\u001b[0m │\n"}
,{"stream_name":"stdout","time":6597.129205768,"data":"└────────┴────────┴────────┴────────┴────────┴────────┴────────┘\n"}
,{"stream_name":"stdout","time":6597.348833497,"data":"[2026-10-03 14:59:38] [INFO] rf-detr - Best EMA metric improved to 0.5524 (epoch 7)\n"}
,{"stream_name":"stdout","time":7112.979835036,"data":"            Val \u001b[1m(\u001b[0mema\u001b[1m)\u001b[0m \u001b[1m(\u001b[0mEpoch \u001b[1;36m9\u001b[0m/\u001b[1;36m12\u001b[0m\u001b[1m)\u001b[0m — Overall Metrics            \n"}
,{"stream_name":"stdout","time":7112.97989168,"data":"┏━━━━━━━━━━━━━━━━━━━━━━━━━━┳━━━━━━━━┳━━━━━━━━━━━━━━━━━━━━━━━━━━┓\n"}
,{"stream_name":"stdout","time":7112.97991637,"data":"┃           mAP            ┃  mAR   ┃         F1 sweep         ┃\n"}
,{"stream_name":"stdout","time":7112.979920663,"data":"┡━━━━━━━━┯━━━━━━━━┯━━━━━━━━╇━━━━━━━━╇━━━━━━━━┯━━━━━━━━┯━━━━━━━━┩\n"}
,{"stream_name":"stdout","time":7112.979924757,"data":"│ \u001b[1;92m50:95\u001b[0m  │   \u001b[1;36m50\u001b[0m   │   \u001b[1;36m75\u001b[0m   │  @\u001b[1;36m500\u001b[0m  │   F1   │  Prec  │ Recall │\n"}
,{"stream_name":"stdout","time":7112.979929654,"data":"├────────┼────────┼────────┼────────┼────────┼────────┼────────┤\n"}
,{"stream_name":"stdout","time":7112.979938957,"data":"│ \u001b[1;36m0.5467\u001b[0m │ \u001b[1;36m0.8581\u001b[0m │ \u001b[1;36m0.5807\u001b[0m │ \u001b[1;36m0.7287\u001b[0m │ \u001b[1;36m0.8219\u001b[0m │ \u001b[1;36m0.8021\u001b[0m │ \u001b[1;36m0.8427\u001b[0m │\n"}
,{"stream_name":"stdout","time":7112.979942173,"data":"└────────┴────────┴────────┴────────┴────────┴────────┴────────┘\n"}
,{"stream_name":"stdout","time":7627.846645268,"data":"           Val \u001b[1m(\u001b[0mema\u001b[1m)\u001b[0m \u001b[1m(\u001b[0mEpoch \u001b[1;36m10\u001b[0m/\u001b[1;36m12\u001b[0m\u001b[1m)\u001b[0m — Overall Metrics            \n"}
,{"stream_name":"stdout","time":7627.846699207,"data":"┏━━━━━━━━━━━━━━━━━━━━━━━━━━┳━━━━━━━━┳━━━━━━━━━━━━━━━━━━━━━━━━━━┓\n"}
,{"stream_name":"stdout","time":7627.846705188,"data":"┃           mAP            ┃  mAR   ┃         F1 sweep         ┃\n"}
,{"stream_name":"stdout","time":7627.846708663,"data":"┡━━━━━━━━┯━━━━━━━━┯━━━━━━━━╇━━━━━━━━╇━━━━━━━━┯━━━━━━━━┯━━━━━━━━┩\n"}
,{"stream_name":"stdout","time":7627.846712394,"data":"│ \u001b[1;92m50:95\u001b[0m  │   \u001b[1;36m50\u001b[0m   │   \u001b[1;36m75\u001b[0m   │  @\u001b[1;36m500\u001b[0m  │   F1   │  Prec  │ Recall │\n"}
,{"stream_name":"stdout","time":7627.846716263,"data":"├────────┼────────┼────────┼────────┼────────┼────────┼────────┤\n"}
,{"stream_name":"stdout","time":7627.846719844,"data":"│ \u001b[1;36m0.5443\u001b[0m │ \u001b[1;36m0.8496\u001b[0m │ \u001b[1;36m0.6023\u001b[0m │ \u001b[1;36m0.7242\u001b[0m │ \u001b[1;36m0.8192\u001b[0m │ \u001b[1;36m0.8239\u001b[0m │ \u001b[1;36m0.8146\u001b[0m │\n"}
,{"stream_name":"stdout","time":7627.846723499,"data":"└────────┴────────┴────────┴────────┴────────┴────────┴────────┘\n"}
,{"stream_name":"stdout","time":8139.72987336,"data":"           Val \u001b[1m(\u001b[0mema\u001b[1m)\u001b[0m \u001b[1m(\u001b[0mEpoch \u001b[1;36m11\u001b[0m/\u001b[1;36m12\u001b[0m\u001b[1m)\u001b[0m — Overall Metrics            \n"}
,{"stream_name":"stdout","time":8139.729923522,"data":"┏━━━━━━━━━━━━━━━━━━━━━━━━━━┳━━━━━━━━┳━━━━━━━━━━━━━━━━━━━━━━━━━━┓\n"}
,{"stream_name":"stdout","time":8139.729954741,"data":"┃           mAP            ┃  mAR   ┃         F1 sweep         ┃\n"}
,{"stream_name":"stdout","time":8139.729957772,"data":"┡━━━━━━━━┯━━━━━━━━┯━━━━━━━━╇━━━━━━━━╇━━━━━━━━┯━━━━━━━━┯━━━━━━━━┩\n"}
,{"stream_name":"stdout","time":8139.729960471,"data":"│ \u001b[1;92m50:95\u001b[0m  │   \u001b[1;36m50\u001b[0m   │   \u001b[1;36m75\u001b[0m   │  @\u001b[1;36m500\u001b[0m  │   F1   │  Prec  │ Recall │\n"}
,{"stream_name":"stdout","time":8139.729963339,"data":"├────────┼────────┼────────┼────────┼────────┼────────┼────────┤\n"}
,{"stream_name":"stdout","time":8139.729965927,"data":"│ \u001b[1;36m0.5443\u001b[0m │ \u001b[1;36m0.8531\u001b[0m │ \u001b[1;36m0.6060\u001b[0m │ \u001b[1;36m0.7180\u001b[0m │ \u001b[1;36m0.8079\u001b[0m │ \u001b[1;36m0.8125\u001b[0m │ \u001b[1;36m0.8034\u001b[0m │\n"}
,{"stream_name":"stdout","time":8139.729968755,"data":"└────────┴────────┴────────┴────────┴────────┴────────┴────────┘\n"}
,{"stream_name":"stdout","time":8652.988138334,"data":"           Val \u001b[1m(\u001b[0mema\u001b[1m)\u001b[0m \u001b[1m(\u001b[0mEpoch \u001b[1;36m12\u001b[0m/\u001b[1;36m12\u001b[0m\u001b[1m)\u001b[0m — Overall Metrics            \n"}
,{"stream_name":"stdout","time":8652.988193027,"data":"┏━━━━━━━━━━━━━━━━━━━━━━━━━━┳━━━━━━━━┳━━━━━━━━━━━━━━━━━━━━━━━━━━┓\n"}
,{"stream_name":"stdout","time":8652.98820376,"data":"┃           mAP            ┃  mAR   ┃         F1 sweep         ┃\n"}
,{"stream_name":"stdout","time":8652.988209089,"data":"┡━━━━━━━━┯━━━━━━━━┯━━━━━━━━╇━━━━━━━━╇━━━━━━━━┯━━━━━━━━┯━━━━━━━━┩\n"}
,{"stream_name":"stdout","time":8652.988214894,"data":"│ \u001b[1;92m50:95\u001b[0m  │   \u001b[1;36m50\u001b[0m   │   \u001b[1;36m75\u001b[0m   │  @\u001b[1;36m500\u001b[0m  │   F1   │  Prec  │ Recall │\n"}
,{"stream_name":"stdout","time":8652.988220881,"data":"├────────┼────────┼────────┼────────┼────────┼────────┼────────┤\n"}
,{"stream_name":"stdout","time":8652.988226506,"data":"│ \u001b[1;36m0.5507\u001b[0m │ \u001b[1;36m0.8551\u001b[0m │ \u001b[1;36m0.6058\u001b[0m │ \u001b[1;36m0.7236\u001b[0m │ \u001b[1;36m0.8055\u001b[0m │ \u001b[1;36m0.7861\u001b[0m │ \u001b[1;36m0.8258\u001b[0m │\n"}
,{"stream_name":"stdout","time":8652.988232953,"data":"└────────┴────────┴────────┴────────┴────────┴────────┴────────┘\n"}
,{"stream_name":"stderr","time":8654.106607404,"data":"`Trainer.fit` stopped: `max_epochs=12` reached.\n"}
,{"stream_name":"stdout","time":8657.026499296,"data":"[2026-10-03 15:33:57] [INFO] rf-detr - Best total checkpoint saved from EMA (regular=0.0000, ema=0.5524)\n"}
,{"stream_name":"stdout","time":8657.190592852,"data":" 143.0 min  training done in 102.9 min; outputs ['checkpoint_best_ema.pth', 'checkpoint_best_total.pth', 'last.ckpt', 'last_ema.pth', 'metrics.csv', 'training_config.json']\n"}
,{"stream_name":"stderr","time":8657.320516285,"data":"/usr/local/lib/python3.13/dist-packages/rfdetr/detr.py:704: FutureWarning: The `RFDETRBase` was deprecated since v1.7.0. It will be removed in v2.0.0.\n"}
,{"stream_name":"stderr","time":8657.320568784,"data":"  getattr(variant_obj, \"__name__\", symbol): variant_obj\n"}
,{"stream_name":"stderr","time":8657.320573086,"data":"/usr/local/lib/python3.13/dist-packages/rfdetr/detr.py:704: FutureWarning: The `RFDETRLargeDeprecated` was deprecated since v1.7.0. It will be removed in v2.0.0.\n"}
,{"stream_name":"stderr","time":8657.320575762,"data":"  getattr(variant_obj, \"__name__\", symbol): variant_obj\n"}
,{"stream_name":"stderr","time":8657.320578406,"data":"/usr/local/lib/python3.13/dist-packages/rfdetr/detr.py:704: FutureWarning: The `RFDETRSegPreview` was deprecated since v1.7.0. It will be removed in v2.0.0.\n"}
,{"stream_name":"stderr","time":8657.320580976,"data":"  getattr(variant_obj, \"__name__\", symbol): variant_obj\n"}
,{"stream_name":"stderr","time":8657.322220019,"data":"[2026-10-03 15:33:58] [WARNING] rf-detr - Using a different number of positional encodings than DINOv2, which means we're not loading DINOv2 backbone weights. This is not a problem if finetuning a pretrained RF-DETR model.\n"}
,{"stream_name":"stderr","time":8657.322262177,"data":"[2026-10-03 15:33:58] [WARNING] rf-detr - Using patch size 16 instead of 14, which means we're not loading DINOv2 backbone weights. This is not a problem if finetuning a pretrained RF-DETR model.\n"}
,{"stream_name":"stdout","time":8657.962959297,"data":" 143.0 min  loaded /kaggle/temp/rf_out/checkpoint_best_total.pth: resolution 640\n"}
,{"stream_name":"stdout","time":8658.528052586,"data":" 143.0 min  weights {'file': 'rfdetr_ball_small_20261003_paste_fp16.pth', 'MB': 64.2, 'full_checkpoint_MB': 128.4}\n"}
,{"stream_name":"stderr","time":8658.851061785,"data":"[2026-10-03 15:33:59] [WARNING] rf-detr - Model is not optimized for inference. Latency may be higher than expected. For full GPU throughput (e.g. ~8x on T4 via FP16 Tensor Cores), call model.inference(dtype=torch.float16).\n"}
,{"stream_name":"stdout","time":8717.655480943,"data":" 144.0 min  exam: 108 frames graded in 59s\n"}
,{"stream_name":"stdout","time":8717.658851641,"data":" 144.0 min  exam: {\"at_0.25_as_click_finder\": {\"correct\": 81, \"of\": 108, \"ball_found\": 68, \"ball_frames\": 81, \"no_ball_right\": 13, \"no_ball_frames\": 27}, \"ball_among_guesses_0.05\": 78, \"top_guess_is_ball\": 70, \"ball_frames\": 81, \"current_click_finder\": {\"correct\": 70, \"ball_found\": 47, \"among_guesses\": 54, \"top_guess\": 51}, \"wasb\": {\"among_guesses\": 79, \"top_guess\": 56}}\n"}
,{"stream_name":"stdout","time":8774.017448582,"data":" 144.9 min  clip34: {\"moments\": 34, \"ball_among_guesses_0.05\": 34, \"ball_among_top6\": 32, \"top_guess_is_ball\": 29, \"current_click_finder\": {\"among_guesses\": 18, \"top_guess\": 16}, \"wasb\": {\"among_guesses\": 31, \"top_guess\": 26}}\n"}
,{"stream_name":"stdout","time":8780.484987458,"data":" 145.0 min  downloaded SFKBP1109_s1200/video.mp4: 301 MB in 6 s\n"}
,{"stream_name":"stdout","time":9108.692537555,"data":" 150.5 min    ball (RF-DETR): frame 1000, 3.0 frames/s\n"}
,{"stream_name":"stdout","time":9436.698134984,"data":" 156.0 min    ball (RF-DETR): frame 2000, 3.0 frames/s\n"}
,{"stream_name":"stdout","time":9764.524073624,"data":" 161.4 min    ball (RF-DETR): frame 3000, 3.0 frames/s\n"}
,{"stream_name":"stdout","time":10091.815884029,"data":" 166.9 min    ball (RF-DETR): frame 4000, 3.1 frames/s\n"}
,{"stream_name":"stdout","time":10419.133360412,"data":" 172.4 min    ball (RF-DETR): frame 5000, 3.1 frames/s\n"}
,{"stream_name":"stdout","time":10746.365061006,"data":" 177.8 min    ball (RF-DETR): frame 6000, 3.1 frames/s\n"}
,{"stream_name":"stdout","time":11073.403116782,"data":" 183.3 min    ball (RF-DETR): frame 7000, 3.1 frames/s\n"}
,{"stream_name":"stdout","time":11401.081994546,"data":" 188.7 min    ball (RF-DETR): frame 8000, 3.1 frames/s\n"}
,{"stream_name":"stderr","time":11726.314316742,"data":"[2026-10-03 16:25:07] [WARNING] rf-detr - Using a different number of positional encodings than DINOv2, which means we're not loading DINOv2 backbone weights. This is not a problem if finetuning a pretrained RF-DETR model.\n"}
,{"stream_name":"stderr","time":11726.31435894,"data":"[2026-10-03 16:25:07] [WARNING] rf-detr - Using patch size 16 instead of 14, which means we're not loading DINOv2 backbone weights. This is not a problem if finetuning a pretrained RF-DETR model.\n"}
,{"stream_name":"stderr","time":11727.180950116,"data":"[2026-10-03 16:25:08] [WARNING] rf-detr - Model is not optimized for inference. Latency may be higher than expected. For full GPU throughput (e.g. ~8x on T4 via FP16 Tensor Cores), call model.inference(dtype=torch.float16).\n"}
,{"stream_name":"stdout","time":12046.5325258,"data":" 199.5 min    ball (RF-DETR): frame 1000, 3.1 frames/s\n"}
,{"stream_name":"stdout","time":12366.195096265,"data":" 204.8 min    ball (RF-DETR): frame 2000, 3.1 frames/s\n"}
,{"stream_name":"stdout","time":12685.33651474,"data":" 210.1 min    ball (RF-DETR): frame 3000, 3.1 frames/s\n"}
,{"stream_name":"stdout","time":13004.361378394,"data":" 215.4 min    ball (RF-DETR): frame 4000, 3.1 frames/s\n"}
,{"stream_name":"stdout","time":13323.729111584,"data":" 220.8 min    ball (RF-DETR): frame 5000, 3.1 frames/s\n"}
,{"stream_name":"stdout","time":13642.484676515,"data":" 226.1 min    ball (RF-DETR): frame 6000, 3.1 frames/s\n"}
,{"stream_name":"stdout","time":13961.576271825,"data":" 231.4 min    ball (RF-DETR): frame 7000, 3.1 frames/s\n"}
,{"stream_name":"stdout","time":14280.991697657,"data":" 236.7 min    ball (RF-DETR): frame 8000, 3.1 frames/s\n"}
,{"stream_name":"stdout","time":14597.829045357,"data":" 242.0 min  candidates SFKBP1109_s1200: new 8992 old 8992 frames in 97.0 min\n"}
,{"stream_name":"stdout","time":14597.841393995,"data":" 242.0 min  done\n"}
,{"stream_name":"stderr","time":14605.823341011,"data":"/usr/local/lib/python3.13/dist-packages/mistune.py:435: SyntaxWarning: invalid escape sequence '\\|'\n"}
,{"stream_name":"stderr","time":14605.823374217,"data":"  cells[i][c] = re.sub('\\\\\\\\\\|', '|', cell)\n"}
,{"stream_name":"stderr","time":14606.113961634,"data":"/usr/local/lib/python3.13/dist-packages/nbconvert/filters/filter_links.py:36: SyntaxWarning: invalid escape sequence '\\_'\n"}
,{"stream_name":"stderr","time":14606.113987769,"data":"  text = re.sub(r'_', '\\_', text) # Escape underscores in display text\n"}
,{"stream_name":"stderr","time":14606.91862461,"data":"[NbConvertApp] Converting notebook __script__.ipynb to html\n"}
,{"stream_name":"stderr","time":14607.429302316,"data":"[NbConvertApp] Writing 275861 bytes to __results__.html\n"}
]