[{"stream_name":"stdout","time":40.958562927,"data":"   0.0 min  $ nvidia-smi --query-gpu=name,memory.total --format=csv,noheader -\u003e 0 Tesla T4, 15360 MiB\n"}
,{"stream_name":"stdout","time":40.958603154,"data":"Tesla T4, 15360 MiB\n"}
,{"stream_name":"stdout","time":71.275852758,"data":"   0.5 min  $ rm -rf /kaggle/temp/ia \u0026\u0026 git clone -q --depth 1 https://github.com/danielzh1nt0/ipanema-analysis.git /kaggle/temp/ia -\u003e 0 \n"}
,{"stream_name":"stdout","time":104.754637813,"data":"   1.1 min  $ pip install -q \"rfdetr[train]==1.11.0\" -\u003e 0 ━━━━━━━━━━━━━━━━━━━━━━━━━━━━━ 35.8/35.8 MB 51.8 MB/s eta 0:00:00\n"}
,{"stream_name":"stdout","time":104.754681095,"data":"   ━━━━━━━━━━━━━━━━━━━━━━━━━━━━━━━━━━━━━━━━ 5.4/5.4 MB 85.6 MB/s eta 0:00:00\n"}
,{"stream_name":"stdout","time":104.754688165,"data":"   ━━━━━━━━━━━━━━━━━━━━━━━━━━━━━━━━━━━━━━━━ 516.0/516.0 kB 21.9 MB/s eta 0:00:00\n"}
,{"stream_name":"stdout","time":104.754694011,"data":"   ━━━━━━━━━━━━━━━━━━━━━━━━━━━━━━━━━━━━━━━━ 3.4/3.4 MB 74.8 MB/s eta 0:00:00\n"}
,{"stream_name":"stdout","time":159.587390057,"data":"   2.0 min  versions {'torch': '2.10.0+cu128', 'rfdetr': '?', 'cuda': True}\n"}
,{"stream_name":"stdout","time":159.864336457,"data":"   2.0 min  downloaded labels/p15u-vs-vasalund-2026-09-20_trainset_clicks.json: 0 MB in 0 s\n"}
,{"stream_name":"stdout","time":224.055652588,"data":"   3.1 min  downloaded p15u-vs-vasalund-2026-09-20/video.mp4: 3289 MB in 64 s\n"}
,{"stream_name":"stdout","time":234.82297587,"data":"   3.2 min  p15u-vs-vasalund-2026-09-20: 1008 labels, 1008 usable, 12 frames -\u003e {'train_ball': 12, 'train_empty': 0, 'valid_ball': 0, 'valid_empty': 0} in 11s\n"}
,{"stream_name":"stdout","time":235.201248488,"data":"   3.2 min  downloaded labels/p09-norrviken-vs-solheim-2026-08-30_trainset_clicks.json: 2 MB in 0 s\n"}
,{"stream_name":"stdout","time":241.422161857,"data":"   3.3 min  p09-norrviken-vs-solheim-2026-08-30: 23000 labels, 23000 usable, 12 frames -\u003e {'train_ball': 12, 'train_empty': 2, 'valid_ball': 0, 'valid_empty': 0} in 6s\n"}
,{"stream_name":"stdout","time":241.704157379,"data":"   3.3 min  downloaded labels/p15u-vs-spanga-2026-09-25_trainset_clicks.json: 0 MB in 0 s\n"}
,{"stream_name":"stdout","time":256.975581677,"data":"   3.6 min  p15u-vs-spanga-2026-09-25: 2613 labels, 2613 usable, 12 frames -\u003e {'train_ball': 12, 'train_empty': 4, 'valid_ball': 0, 'valid_empty': 0} in 15s\n"}
,{"stream_name":"stdout","time":257.373972854,"data":"   3.6 min  downloaded labels/p15u-vs-djursholm-2026-09-26_trainset_clicks.json: 4 MB in 0 s\n"}
,{"stream_name":"stdout","time":263.666085736,"data":"   3.7 min  p15u-vs-djursholm-2026-09-26: 43560 labels, 43560 usable, 12 frames -\u003e {'train_ball': 12, 'train_empty': 5, 'valid_ball': 0, 'valid_empty': 0} in 6s\n"}
,{"stream_name":"stdout","time":268.087388461,"data":"   3.8 min  dataset: {'train_ball': 54, 'train_empty': 11, 'valid_ball': 3, 'valid_empty': 0, 'train_total_after_cut': 50}\n"}
,{"stream_name":"stdout","time":270.74294315,"data":"[2026-09-29 12:22:04] [INFO] rf-detr - Downloading pretrained weights for /root/.roboflow/models/rf-detr-small.pth\n"}
,{"stream_name":"stderr","time":274.668279297,"data":"\r/root/.roboflow/models/rf-detr-small.pth:   0%|          | 0.00/368M [00:00\u003c?, ?iB/s]\r/root/.roboflow/models/rf-detr-small.pth:   2%|▏         | 7.21M/368M [00:00\u003c00:05, 75.6MiB/s]\r/root/.roboflow/models/rf-detr-small.pth:   5%|▍         | 16.7M/368M [00:00\u003c00:04, 89.9MiB/s]\r/root/.roboflow/models/rf-detr-small.pth:   7%|▋         | 26.6M/368M [00:00\u003c00:03, 95.9MiB/s]\r/root/.roboflow/models/rf-detr-small.pth:  10%|▉         | 35.7M/368M [00:00\u003c00:04, 85.4MiB/s]\r/root/.roboflow/models/rf-detr-small.pth:  12%|█▏        | 44.7M/368M [00:00\u003c00:03, 88.2MiB/s]\r/root/.roboflow/models/rf-detr-small.pth:  15%|█▍        | 54.4M/368M [00:00\u003c00:03, 92.5MiB/s]\r/root/.roboflow/models/rf-detr-small.pth:  17%|█▋        | 64.2M/368M [00:00\u003c00:03, 96.0MiB/s]\r/root/.roboflow/models/rf-detr-small.pth:  20%|██        | 74.4M/368M [00:00\u003c00:03, 99.2MiB/s]\r/root/.roboflow/models/rf-detr-small.pth:  23%|██▎       | 84.1M/368M [00:00\u003c00:02, 100MiB/s] \r/root/.roboflow/models/rf-detr-small.pth:  25%|██▌       | 93.8M/368M [00:01\u003c00:02, 101MiB/s]\r/root/.roboflow/models/rf-detr-small.pth:  28%|██▊       | 104M/368M [00:01\u003c00:02, 101MiB/s] \r/root/.roboflow/models/rf-detr-small.pth:  31%|███       | 114M/368M [00:01\u003c00:02, 102MiB/s]\r/root/.roboflow/models/rf-detr-small.pth:  34%|███▎      | 124M/368M [00:01\u003c00:02, 103MiB/s]\r/root/.roboflow/models/rf-detr-small.pth:  36%|███▋      | 134M/368M [00:01\u003c00:02, 102MiB/s]\r/root/.roboflow/models/rf-detr-small.pth:  39%|███▉      | 143M/368M [00:01\u003c00:02, 101MiB/s]\r/root/.roboflow/models/rf-detr-small.pth:  42%|████▏     | 153M/368M [00:01\u003c00:02, 101MiB/s]\r/root/.roboflow/models/rf-detr-small.pth:  44%|████▍     | 163M/368M [00:01\u003c00:02, 101MiB/s]\r/root/.roboflow/models/rf-detr-small.pth:  47%|████▋     | 172M/368M [00:01\u003c00:02, 101MiB/s]\r/root/.roboflow/models/rf-detr-small.pth:  49%|████▉     | 182M/368M [00:01\u003c00:01, 101MiB/s]\r/root/.roboflow/models/rf-detr-small.pth:  52%|█████▏    | 192M/368M [00:02\u003c00:01, 103MiB/s]\r/root/.roboflow/models/rf-detr-small.pth:  55%|█████▍    | 202M/368M [00:02\u003c00:01, 103MiB/s]\r/root/.roboflow/models/rf-detr-small.pth:  58%|█████▊    | 212M/368M [00:02\u003c00:01, 105MiB/s]\r/root/.roboflow/models/rf-detr-small.pth:  60%|██████    | 222M/368M [00:02\u003c00:01, 105MiB/s]\r/root/.roboflow/models/rf-detr-small.pth:  63%|██████▎   | 232M/368M [00:02\u003c00:01, 104MiB/s]\r/root/.roboflow/models/rf-detr-small.pth:  66%|██████▌   | 243M/368M [00:02\u003c00:01, 105MiB/s]\r/root/.roboflow/models/rf-detr-small.pth:  69%|██████▊   | 253M/368M [00:02\u003c00:01, 106MiB/s]\r/root/.roboflow/models/rf-detr-small.pth:  71%|███████▏  | 263M/368M [00:02\u003c00:01, 106MiB/s]\r/root/.roboflow/models/rf-detr-small.pth:  74%|███████▍  | 273M/368M [00:02\u003c00:00, 106MiB/s]\r/root/.roboflow/models/rf-detr-small.pth:  77%|███████▋  | 283M/368M [00:02\u003c00:00, 104MiB/s]\r/root/.roboflow/models/rf-detr-small.pth:  80%|███████▉  | 294M/368M [00:03\u003c00:00, 106MiB/s]\r/root/.roboflow/models/rf-detr-small.pth:  82%|████████▏ | 304M/368M [00:03\u003c00:00, 106MiB/s]\r/root/.roboflow/models/rf-detr-small.pth:  85%|████████▌ | 314M/368M [00:03\u003c00:00, 106MiB/s]\r/root/.roboflow/models/rf-detr-small.pth:  88%|████████▊ | 324M/368M [00:03\u003c00:00, 107MiB/s]\r/root/.roboflow/models/rf-detr-small.pth:  91%|█████████ | 334M/368M [00:03\u003c00:00, 106MiB/s]\r/root/.roboflow/models/rf-detr-small.pth:  94%|█████████▎| 345M/368M [00:03\u003c00:00, 104MiB/s]\r/root/.roboflow/models/rf-detr-small.pth:  96%|█████████▋| 354M/368M [00:03\u003c00:00, 103MiB/s]\r/root/.roboflow/models/rf-detr-small.pth:  99%|█████████▉| 364M/368M [00:03\u003c00:00, 102MiB/s]\r/root/.roboflow/models/rf-detr-small.pth: 100%|██████████| 368M/368M [00:03\u003c00:00, 101MiB/s]\n"}
,{"stream_name":"stdout","time":275.622210269,"data":"[2026-09-29 12:22:09] [INFO] rf-detr - MD5 validation successful for /root/.roboflow/models/rf-detr-small.pth\n"}
,{"stream_name":"stderr","time":275.623582665,"data":"[2026-09-29 12:22:09] [WARNING] rf-detr - Using a different number of positional encodings than DINOv2, which means we're not loading DINOv2 backbone weights. This is not a problem if finetuning a pretrained RF-DETR model.\n"}
,{"stream_name":"stderr","time":275.623603223,"data":"[2026-09-29 12:22:09] [WARNING] rf-detr - Using patch size 16 instead of 14, which means we're not loading DINOv2 backbone weights. This is not a problem if finetuning a pretrained RF-DETR model.\n"}
,{"stream_name":"stdout","time":277.324771033,"data":"[2026-09-29 12:22:11] [INFO] rf-detr - File /root/.roboflow/models/rf-detr-small.pth already exists with correct MD5 hash.\n"}
,{"stream_name":"stdout","time":279.123022937,"data":"   4.0 min  training RF-DETR small at 640 px, 1 epochs, batch 8, cap 0.25 h\n"}
,{"stream_name":"stderr","time":279.12834753,"data":"[2026-09-29 12:22:13] [WARNING] rf-detr - Using a different number of positional encodings than DINOv2, which means we're not loading DINOv2 backbone weights. This is not a problem if finetuning a pretrained RF-DETR model.\n"}
,{"stream_name":"stderr","time":279.128371154,"data":"[2026-09-29 12:22:13] [WARNING] rf-detr - Using patch size 16 instead of 14, which means we're not loading DINOv2 backbone weights. This is not a problem if finetuning a pretrained RF-DETR model.\n"}
,{"stream_name":"stdout","time":280.495407138,"data":"[2026-09-29 12:22:14] [INFO] rf-detr - File /root/.roboflow/models/rf-detr-small.pth already exists with correct MD5 hash.\n"}
,{"stream_name":"stderr","time":282.112689715,"data":"[2026-09-29 12:22:16] [WARNING] rf-detr - Checkpoint has 90 classes but model is configured for 1. The detection head will be re-initialized to 1 classes.\n"}
,{"stream_name":"stderr","time":283.68149959,"data":"Using bfloat16 Automatic Mixed Precision (AMP)\n"}
,{"stream_name":"stderr","time":283.745563809,"data":"GPU available: True (cuda), used: True\n"}
,{"stream_name":"stderr","time":283.745604859,"data":"TPU available: False, using: 0 TPU cores\n"}
,{"stream_name":"stderr","time":283.745610762,"data":"💡 Tip: For seamless cloud logging and experiment tracking, try installing [litlogger](https://pypi.org/project/litlogger/) to enable LitLogger, which logs metrics and artifacts automatically to the Lightning Experiments platform.\n"}
,{"stream_name":"stderr","time":283.747672545,"data":"/usr/local/lib/python3.12/dist-packages/lightning_fabric/loggers/csv_logs.py:268: Experiment logs directory /kaggle/temp/rf_out/ exists and is not empty. Previous log files in this directory will be deleted when the new ones are saved!\n"}
,{"stream_name":"stdout","time":283.749377386,"data":"[2026-09-29 12:22:17] [INFO] rf-detr - Using multi-scale training with square resize and scales: [768]\n"}
,{"stream_name":"stdout","time":283.75383773,"data":"[2026-09-29 12:22:17] [INFO] rf-detr - Built 1 Albumentations transforms from config\n"}
,{"stream_name":"stdout","time":283.75451391,"data":"[2026-09-29 12:22:17] [INFO] rf-detr - Built 1 Albumentations transforms from config\n"}
,{"stream_name":"stdout","time":283.83337394,"data":"creating index...\n"}
,{"stream_name":"stdout","time":283.833412124,"data":"index created!\n"}
,{"stream_name":"stdout","time":283.834854345,"data":"[2026-09-29 12:22:17] [INFO] rf-detr - Using multi-scale training with square resize and scales: [768]\n"}
,{"stream_name":"stdout","time":283.836545749,"data":"creating index...\n"}
,{"stream_name":"stdout","time":283.836559247,"data":"index created!\n"}
,{"stream_name":"stderr","time":284.739889329,"data":"/usr/local/lib/python3.12/dist-packages/pytorch_lightning/callbacks/model_checkpoint.py:881: Checkpoint directory /kaggle/temp/rf_out exists and is not empty.\n"}
,{"stream_name":"stderr","time":284.74049911,"data":"LOCAL_RANK: 0 - CUDA_VISIBLE_DEVICES: [0,1]\n"}
,{"stream_name":"stderr","time":284.809838764,"data":"Loading `train_dataloader` to estimate number of stepping batches.\n"}
,{"stream_name":"stdout","time":284.810198296,"data":"[2026-09-29 12:22:18] [INFO] rf-detr - Training with uniform sampler because dataset is too small: 50 \u003c 80\n"}
,{"stream_name":"stderr","time":284.810818944,"data":"/usr/local/lib/python3.12/dist-packages/pytorch_lightning/utilities/_pytree.py:21: `isinstance(treespec, LeafSpec)` is deprecated, use `isinstance(treespec, TreeSpec) and treespec.is_leaf()` instead.\n"}
,{"stream_name":"stderr","time":285.028696997,"data":"/usr/local/lib/python3.12/dist-packages/pytorch_lightning/loops/fit_loop.py:321: The number of training batches (10) is smaller than the logging interval Trainer(log_every_n_steps=50). Set a lower value for log_every_n_steps if you want to see logs for the training epoch.\n"}
,{"stream_name":"stderr","time":285.273557475,"data":"/usr/local/lib/python3.12/dist-packages/pytorch_lightning/utilities/model_summary/model_summary.py:242: Precision bf16-mixed is not supported by the model summary.  Estimated model size in MB will not be accurate. Using 32 bits instead.\n"}
,{"stream_name":"stdout","time":285.309714441,"data":"┏━━━┳━━━━━━━━━━━━━┳━━━━━━━━━━━━━━┳━━━━━━━━┳━━━━━━━┳━━━━━━━┓\n"}
,{"stream_name":"stdout","time":285.309784713,"data":"┃   ┃ Name        ┃ Type         ┃ Params ┃ Mode  ┃ FLOPs ┃\n"}
,{"stream_name":"stdout","time":285.309791913,"data":"┡━━━╇━━━━━━━━━━━━━╇━━━━━━━━━━━━━━╇━━━━━━━━╇━━━━━━━╇━━━━━━━┩\n"}
,{"stream_name":"stdout","time":285.309796872,"data":"│ 0 │ model       │ LWDETR       │ 32.0 M │ train │     0 │\n"}
,{"stream_name":"stdout","time":285.309801222,"data":"│ 1 │ criterion   │ SetCriterion │      0 │ train │     0 │\n"}
,{"stream_name":"stdout","time":285.309805405,"data":"│ 2 │ postprocess │ PostProcess  │      0 │ train │     0 │\n"}
,{"stream_name":"stdout","time":285.30981034,"data":"└───┴─────────────┴──────────────┴────────┴───────┴───────┘\n"}
,{"stream_name":"stdout","time":285.314245933,"data":"Trainable params: 32.0 M                                                        \n"}
,{"stream_name":"stdout","time":285.31428171,"data":"Non-trainable params: 0                                                         \n"}
,{"stream_name":"stdout","time":285.314288953,"data":"Total params: 32.0 M                                                            \n"}
,{"stream_name":"stdout","time":285.31429462,"data":"Total estimated model params size (MB): 128.049                                 \n"}
,{"stream_name":"stdout","time":285.314300814,"data":"Modules in train mode: 466                                                      \n"}
,{"stream_name":"stdout","time":285.314306896,"data":"Modules in eval mode: 0                                                         \n"}
,{"stream_name":"stdout","time":285.314313364,"data":"Total FLOPs: 0                                                                  \n"}
,{"stream_name":"stderr","time":285.316888487,"data":"Seed set to 0\n"}
,{"stream_name":"stderr","time":291.017076102,"data":"/usr/local/lib/python3.12/dist-packages/rfdetr/models/_assignment.py:76: RuntimeWarning: Triton linear-assignment support is unavailable for this CUDA input; using SciPy on CPU.\n"}
,{"stream_name":"stderr","time":291.017112978,"data":"  assignment = torch_linear_assignment.batch_linear_assignment(stacked)\n"}
,{"stream_name":"stdout","time":309.088962138,"data":"[2026-09-29 12:22:43] [INFO] rf-detr - Skipping validation-loss computation: compute_val_loss='auto' found no scheduler or callback monitoring 'val/loss', so no 'val/loss' metric is logged this run. Set compute_val_loss=True to log it every validation epoch (for example to read the curve from metrics.csv, TensorBoard, or Weights \u0026 Biases).\n"}
,{"stream_name":"stdout","time":309.602690229,"data":"            Val \u001b[1m(\u001b[0mema\u001b[1m)\u001b[0m \u001b[1m(\u001b[0mEpoch \u001b[1;36m1\u001b[0m/\u001b[1;36m1\u001b[0m\u001b[1m)\u001b[0m — Overall Metrics             \n"}
,{"stream_name":"stdout","time":309.602742828,"data":"┏━━━━━━━━━━━━━━━━━━━━━━━━━━┳━━━━━━━━┳━━━━━━━━━━━━━━━━━━━━━━━━━━┓\n"}
,{"stream_name":"stdout","time":309.602765665,"data":"┃           mAP            ┃  mAR   ┃         F1 sweep         ┃\n"}
,{"stream_name":"stdout","time":309.602771072,"data":"┡━━━━━━━━┯━━━━━━━━┯━━━━━━━━╇━━━━━━━━╇━━━━━━━━┯━━━━━━━━┯━━━━━━━━┩\n"}
,{"stream_name":"stdout","time":309.602776642,"data":"│ \u001b[1;92m50:95\u001b[0m  │   \u001b[1;36m50\u001b[0m   │   \u001b[1;36m75\u001b[0m   │  @\u001b[1;36m500\u001b[0m  │   F1   │  Prec  │ Recall │\n"}
,{"stream_name":"stdout","time":309.602781783,"data":"├────────┼────────┼────────┼────────┼────────┼────────┼────────┤\n"}
,{"stream_name":"stdout","time":309.602786114,"data":"│ \u001b[1;36m0.0000\u001b[0m │ \u001b[1;36m0.0000\u001b[0m │ \u001b[1;36m0.0000\u001b[0m │ \u001b[1;36m0.0000\u001b[0m │ \u001b[1;36m0.0000\u001b[0m │ \u001b[1;36m0.0000\u001b[0m │ \u001b[1;36m0.0000\u001b[0m │\n"}
,{"stream_name":"stdout","time":309.602791175,"data":"└────────┴────────┴────────┴────────┴────────┴────────┴────────┘\n"}
,{"stream_name":"stderr","time":311.909527143,"data":"`Trainer.fit` stopped: `max_epochs=1` reached.\n"}
,{"stream_name":"stdout","time":312.956642877,"data":"[2026-09-29 12:22:47] [INFO] rf-detr - EMA metric never improved; saved final EMA weights as checkpoint_best_ema.pth\n"}
,{"stream_name":"stdout","time":315.300528566,"data":"[2026-09-29 12:22:49] [INFO] rf-detr - Best total checkpoint saved from EMA (regular=0.0000, ema=0.0000)\n"}
,{"stream_name":"stdout","time":315.741912077,"data":"   4.6 min  training done in 0.6 min; outputs ['checkpoint_best_ema.pth', 'checkpoint_best_total.pth', 'last.ckpt', 'last_ema.pth', 'metrics.csv', 'training_config.json']\n"}
,{"stream_name":"stderr","time":315.85668795,"data":"/usr/local/lib/python3.12/dist-packages/rfdetr/detr.py:704: FutureWarning: The `RFDETRBase` was deprecated since v1.7.0. It will be removed in v2.0.0.\n"}
,{"stream_name":"stderr","time":315.856727115,"data":"  getattr(variant_obj, \"__name__\", symbol): variant_obj\n"}
,{"stream_name":"stderr","time":315.85673233,"data":"/usr/local/lib/python3.12/dist-packages/rfdetr/detr.py:704: FutureWarning: The `RFDETRLargeDeprecated` was deprecated since v1.7.0. It will be removed in v2.0.0.\n"}
,{"stream_name":"stderr","time":315.856754589,"data":"  getattr(variant_obj, \"__name__\", symbol): variant_obj\n"}
,{"stream_name":"stderr","time":315.856782081,"data":"/usr/local/lib/python3.12/dist-packages/rfdetr/detr.py:704: FutureWarning: The `RFDETRSegPreview` was deprecated since v1.7.0. It will be removed in v2.0.0.\n"}
,{"stream_name":"stderr","time":315.856822738,"data":"  getattr(variant_obj, \"__name__\", symbol): variant_obj\n"}
,{"stream_name":"stderr","time":315.858492681,"data":"[2026-09-29 12:22:49] [WARNING] rf-detr - Using a different number of positional encodings than DINOv2, which means we're not loading DINOv2 backbone weights. This is not a problem if finetuning a pretrained RF-DETR model.\n"}
,{"stream_name":"stderr","time":315.858518713,"data":"[2026-09-29 12:22:49] [WARNING] rf-detr - Using patch size 16 instead of 14, which means we're not loading DINOv2 backbone weights. This is not a problem if finetuning a pretrained RF-DETR model.\n"}
,{"stream_name":"stdout","time":316.540503512,"data":"   4.6 min  loaded /kaggle/temp/rf_out/checkpoint_best_total.pth: resolution 640\n"}
,{"stream_name":"stdout","time":316.715946412,"data":"   4.6 min  weights {'file': 'rfdetr_ball_small_20260929_fp16.pth', 'MB': 64.2, 'full_checkpoint_MB': 128.4}\n"}
,{"stream_name":"stderr","time":317.975260303,"data":"[2026-09-29 12:22:52] [WARNING] rf-detr - Model is not optimized for inference. Latency may be higher than expected. For full GPU throughput (e.g. ~8x on T4 via FP16 Tensor Cores), call model.inference(dtype=torch.float16).\n"}
,{"stream_name":"stdout","time":320.998280661,"data":"   4.7 min  exam: 3 frames graded in 4s\n"}
,{"stream_name":"stdout","time":320.999242598,"data":"   4.7 min  exam: {\"at_0.25_as_click_finder\": {\"correct\": 2, \"of\": 3, \"ball_found\": 0, \"ball_frames\": 1, \"no_ball_right\": 2, \"no_ball_frames\": 2}, \"ball_among_guesses_0.05\": 0, \"top_guess_is_ball\": 0, \"ball_frames\": 1, \"current_click_finder\": {\"correct\": 70, \"ball_found\": 47, \"among_guesses\": 54, \"top_guess\": 51}, \"wasb\": {\"among_guesses\": 79, \"top_guess\": 56}}\n"}
,{"stream_name":"stdout","time":327.651484168,"data":"   4.8 min  clip34: {\"moments\": 3, \"ball_among_guesses_0.05\": 0, \"ball_among_top6\": 0, \"top_guess_is_ball\": 0, \"current_click_finder\": {\"among_guesses\": 18, \"top_guess\": 16}, \"wasb\": {\"among_guesses\": 31, \"top_guess\": 26}}\n"}
,{"stream_name":"stdout","time":327.65282854,"data":"   4.8 min  done\n"}
,{"stream_name":"stderr","time":336.760206239,"data":"/usr/local/lib/python3.12/dist-packages/mistune.py:435: SyntaxWarning: invalid escape sequence '\\|'\n"}
,{"stream_name":"stderr","time":336.760245481,"data":"  cells[i][c] = re.sub('\\\\\\\\\\|', '|', cell)\n"}
,{"stream_name":"stderr","time":337.130303062,"data":"/usr/local/lib/python3.12/dist-packages/nbconvert/filters/filter_links.py:36: SyntaxWarning: invalid escape sequence '\\_'\n"}
,{"stream_name":"stderr","time":337.130340188,"data":"  text = re.sub(r'_', '\\_', text) # Escape underscores in display text\n"}
,{"stream_name":"stderr","time":337.838181508,"data":"[NbConvertApp] Converting notebook __script__.ipynb to html\n"}
,{"stream_name":"stderr","time":338.723917955,"data":"[NbConvertApp] Writing 274253 bytes to __results__.html\n"}
]