[{"stream_name":"stdout","time":0.612530207,"data":"+ nvidia-smi --query-gpu=name --format=csv\n"}
,{"stream_name":"stdout","time":0.655872638,"data":"name\n"}
,{"stream_name":"stdout","time":0.65590664,"data":"Tesla T4\n"}
,{"stream_name":"stdout","time":0.655910727,"data":"Tesla T4\n"}
,{"stream_name":"stdout","time":0.655913232,"data":"\n"}
,{"stream_name":"stdout","time":0.655915827,"data":"+ git clone -q --depth 1 https://github.com/danielzh1nt0/ipanema-analysis.git /kaggle/temp/ia\n"}
,{"stream_name":"stdout","time":93.622143458,"data":"\n"}
,{"stream_name":"stdout","time":93.622179678,"data":"+ pip install -q rfdetr==1.11.0 supervision\n"}
,{"stream_name":"stdout","time":112.787695346,"data":"     ━━━━━━━━━━━━━━━━━━━━━━━━━━━━━━━━━━━━━━━━ 79.9/79.9 kB 2.7 MB/s eta 0:00:00\n"}
,{"stream_name":"stdout","time":112.787735446,"data":"   ━━━━━━━━━━━━━━━━━━━━━━━━━━━━━━━━━━━━━━━━ 739.5/739.5 kB 15.4 MB/s eta 0:00:00\n"}
,{"stream_name":"stdout","time":112.787742066,"data":"   ━━━━━━━━━━━━━━━━━━━━━━━━━━━━━━━━━━━━━━━━ 397.5/397.5 kB 19.8 MB/s eta 0:00:00\n"}
,{"stream_name":"stdout","time":112.787747894,"data":"   ━━━━━━━━━━━━━━━━━━━━━━━━━━━━━━━━━━━━━━━━ 35.0/35.0 MB 60.6 MB/s eta 0:00:00\n"}
,{"stream_name":"stdout","time":112.787753384,"data":"   ━━━━━━━━━━━━━━━━━━━━━━━━━━━━━━━━━━━━━━━━ 102.7/102.7 kB 5.4 MB/s eta 0:00:00\n"}
,{"stream_name":"stdout","time":112.787759112,"data":"\n"}
,{"stream_name":"stdout","time":112.787764048,"data":"+ wget -q -O /kaggle/temp/v.mp4 https://pub-8aa37efa474148d3ac2e798b86d8020c.r2.dev/p15u-vs-vallentuna-2026-10-03-6cce/video.mp4; ls -la /kaggle/temp/v.mp4\n"}
,{"stream_name":"stdout","time":184.786731455,"data":"-rw-r--r-- 1 root root 3477004504 Oct  3 19:06 /kaggle/temp/v.mp4\n"}
,{"stream_name":"stdout","time":184.786763321,"data":"\n"}
,{"stream_name":"stdout","time":212.85433556,"data":"kit model: hue mode True cls 0\n"}
,{"stream_name":"stdout","time":239.678586193,"data":"[2026-10-05 15:35:22] [INFO] rf-detr - Downloading pretrained weights for /root/.roboflow/models/rf-detr-medium.pth\n"}
,{"stream_name":"stdout","time":239.834186069,"data":"\n"}
,{"stream_name":"stdout","time":240.00051592,"data":"/root/.roboflow/models/rf-detr-medium.pth:   0%|          | 0.00/386M [00:00\u003c?, ?iB/s]\n"}
,{"stream_name":"stdout","time":240.100402184,"data":"/root/.roboflow/models/rf-detr-medium.pth:   1%|          | 2.00M/386M [00:00\u003c00:31, 12.6MiB/s]\n"}
,{"stream_name":"stdout","time":240.200416431,"data":"/root/.roboflow/models/rf-detr-medium.pth:   2%|▏         | 9.34M/386M [00:00\u003c00:09, 42.4MiB/s]\n"}
,{"stream_name":"stdout","time":240.300461964,"data":"/root/.roboflow/models/rf-detr-medium.pth:   5%|▍         | 18.8M/386M [00:00\u003c00:05, 64.9MiB/s]\n"}
,{"stream_name":"stdout","time":240.400476756,"data":"/root/.roboflow/models/rf-detr-medium.pth:   7%|▋         | 28.8M/386M [00:00\u003c00:04, 79.4MiB/s]\n"}
,{"stream_name":"stdout","time":240.500419256,"data":"/root/.roboflow/models/rf-detr-medium.pth:  10%|█         | 38.8M/386M [00:00\u003c00:04, 88.3MiB/s]\n"}
,{"stream_name":"stdout","time":240.600585961,"data":"/root/.roboflow/models/rf-detr-medium.pth:  13%|█▎        | 48.8M/386M [00:00\u003c00:03, 93.6MiB/s]\n"}
,{"stream_name":"stdout","time":240.705242053,"data":"/root/.roboflow/models/rf-detr-medium.pth:  15%|█▌        | 58.6M/386M [00:00\u003c00:03, 96.4MiB/s]\n"}
,{"stream_name":"stdout","time":240.807969932,"data":"/root/.roboflow/models/rf-detr-medium.pth:  18%|█▊        | 68.0M/386M [00:00\u003c00:03, 95.6MiB/s]\n"}
,{"stream_name":"stdout","time":240.908062828,"data":"/root/.roboflow/models/rf-detr-medium.pth:  20%|█▉        | 77.2M/386M [00:00\u003c00:03, 95.3MiB/s]\n"}
,{"stream_name":"stdout","time":241.027394053,"data":"/root/.roboflow/models/rf-detr-medium.pth:  23%|██▎       | 87.3M/386M [00:01\u003c00:03, 98.4MiB/s]\n"}
,{"stream_name":"stdout","time":241.127406597,"data":"/root/.roboflow/models/rf-detr-medium.pth:  25%|██▌       | 96.8M/386M [00:01\u003c00:03, 93.2MiB/s]\n"}
,{"stream_name":"stdout","time":241.22739514,"data":"/root/.roboflow/models/rf-detr-medium.pth:  28%|██▊       | 106M/386M [00:01\u003c00:03, 95.0MiB/s] \n"}
,{"stream_name":"stdout","time":241.327471903,"data":"/root/.roboflow/models/rf-detr-medium.pth:  30%|██▉       | 116M/386M [00:01\u003c00:02, 95.8MiB/s]\n"}
,{"stream_name":"stdout","time":241.427510583,"data":"/root/.roboflow/models/rf-detr-medium.pth:  33%|███▎      | 126M/386M [00:01\u003c00:02, 98.6MiB/s]\n"}
,{"stream_name":"stdout","time":241.527454326,"data":"/root/.roboflow/models/rf-detr-medium.pth:  35%|███▌      | 136M/386M [00:01\u003c00:02, 100MiB/s] \n"}
,{"stream_name":"stdout","time":241.627443989,"data":"/root/.roboflow/models/rf-detr-medium.pth:  38%|███▊      | 145M/386M [00:01\u003c00:02, 101MiB/s]\n"}
,{"stream_name":"stdout","time":241.727635417,"data":"/root/.roboflow/models/rf-detr-medium.pth:  40%|████      | 156M/386M [00:01\u003c00:02, 103MiB/s]\n"}
,{"stream_name":"stdout","time":241.82754516,"data":"/root/.roboflow/models/rf-detr-medium.pth:  43%|████▎     | 165M/386M [00:01\u003c00:02, 103MiB/s]\n"}
,{"stream_name":"stdout","time":241.927489815,"data":"/root/.roboflow/models/rf-detr-medium.pth:  45%|████▌     | 175M/386M [00:01\u003c00:02, 104MiB/s]\n"}
,{"stream_name":"stdout","time":242.027599138,"data":"/root/.roboflow/models/rf-detr-medium.pth:  48%|████▊     | 186M/386M [00:02\u003c00:02, 104MiB/s]\n"}
,{"stream_name":"stdout","time":242.127973019,"data":"/root/.roboflow/models/rf-detr-medium.pth:  51%|█████     | 196M/386M [00:02\u003c00:01, 105MiB/s]\n"}
,{"stream_name":"stdout","time":242.22957605,"data":"/root/.roboflow/models/rf-detr-medium.pth:  53%|█████▎    | 206M/386M [00:02\u003c00:01, 104MiB/s]\n"}
,{"stream_name":"stdout","time":242.329576185,"data":"/root/.roboflow/models/rf-detr-medium.pth:  56%|█████▌    | 215M/386M [00:02\u003c00:01, 104MiB/s]\n"}
,{"stream_name":"stdout","time":242.429799084,"data":"/root/.roboflow/models/rf-detr-medium.pth:  58%|█████▊    | 225M/386M [00:02\u003c00:01, 104MiB/s]\n"}
,{"stream_name":"stdout","time":242.53153802,"data":"/root/.roboflow/models/rf-detr-medium.pth:  61%|██████    | 235M/386M [00:02\u003c00:01, 104MiB/s]\n"}
,{"stream_name":"stdout","time":242.631647955,"data":"/root/.roboflow/models/rf-detr-medium.pth:  64%|██████▎   | 245M/386M [00:02\u003c00:01, 104MiB/s]\n"}
,{"stream_name":"stdout","time":242.74458642,"data":"/root/.roboflow/models/rf-detr-medium.pth:  66%|██████▌   | 255M/386M [00:02\u003c00:01, 104MiB/s]\n"}
,{"stream_name":"stdout","time":242.844508011,"data":"/root/.roboflow/models/rf-detr-medium.pth:  69%|██████▊   | 265M/386M [00:02\u003c00:01, 100MiB/s]\n"}
,{"stream_name":"stdout","time":242.944599763,"data":"/root/.roboflow/models/rf-detr-medium.pth:  71%|███████▏  | 275M/386M [00:03\u003c00:01, 102MiB/s]\n"}
,{"stream_name":"stdout","time":243.04451403,"data":"/root/.roboflow/models/rf-detr-medium.pth:  74%|███████▍  | 285M/386M [00:03\u003c00:01, 102MiB/s]\n"}
,{"stream_name":"stdout","time":243.145733418,"data":"/root/.roboflow/models/rf-detr-medium.pth:  76%|███████▋  | 295M/386M [00:03\u003c00:00, 103MiB/s]\n"}
,{"stream_name":"stdout","time":243.247580352,"data":"/root/.roboflow/models/rf-detr-medium.pth:  79%|███████▉  | 305M/386M [00:03\u003c00:00, 102MiB/s]\n"}
,{"stream_name":"stdout","time":243.347660001,"data":"/root/.roboflow/models/rf-detr-medium.pth:  81%|████████▏ | 315M/386M [00:03\u003c00:00, 102MiB/s]\n"}
,{"stream_name":"stdout","time":243.458135512,"data":"/root/.roboflow/models/rf-detr-medium.pth:  84%|████████▍ | 325M/386M [00:03\u003c00:00, 102MiB/s]\n"}
,{"stream_name":"stdout","time":243.558258819,"data":"/root/.roboflow/models/rf-detr-medium.pth:  87%|████████▋ | 334M/386M [00:03\u003c00:00, 99.3MiB/s]\n"}
,{"stream_name":"stdout","time":243.658273682,"data":"/root/.roboflow/models/rf-detr-medium.pth:  89%|████████▉ | 344M/386M [00:03\u003c00:00, 100MiB/s] \n"}
,{"stream_name":"stdout","time":243.758498908,"data":"/root/.roboflow/models/rf-detr-medium.pth:  92%|█████████▏| 354M/386M [00:03\u003c00:00, 100MiB/s]\n"}
,{"stream_name":"stdout","time":243.921929418,"data":"/root/.roboflow/models/rf-detr-medium.pth:  94%|█████████▍| 364M/386M [00:03\u003c00:00, 101MiB/s]\n"}
,{"stream_name":"stdout","time":244.022189584,"data":"/root/.roboflow/models/rf-detr-medium.pth:  97%|█████████▋| 373M/386M [00:04\u003c00:00, 85.1MiB/s]\n"}
,{"stream_name":"stdout","time":244.066552354,"data":"/root/.roboflow/models/rf-detr-medium.pth:  99%|█████████▉| 382M/386M [00:04\u003c00:00, 87.4MiB/s]\n"}
,{"stream_name":"stdout","time":244.066580896,"data":"/root/.roboflow/models/rf-detr-medium.pth: 100%|██████████| 386M/386M [00:04\u003c00:00, 95.7MiB/s]\n"}
,{"stream_name":"stdout","time":245.077838719,"data":"[2026-10-05 15:35:27] [INFO] rf-detr - MD5 validation successful for /root/.roboflow/models/rf-detr-medium.pth\n"}
,{"stream_name":"stdout","time":245.138176551,"data":"[2026-10-05 15:35:27] [WARNING] rf-detr - Using a different number of positional encodings than DINOv2, which means we're not loading DINOv2 backbone weights. This is not a problem if finetuning a pretrained RF-DETR model.\n"}
,{"stream_name":"stdout","time":245.138203366,"data":"[2026-10-05 15:35:27] [WARNING] rf-detr - Using patch size 16 instead of 14, which means we're not loading DINOv2 backbone weights. This is not a problem if finetuning a pretrained RF-DETR model.\n"}
,{"stream_name":"stdout","time":246.7953063,"data":"[2026-10-05 15:35:29] [INFO] rf-detr - File /root/.roboflow/models/rf-detr-medium.pth already exists with correct MD5 hash.\n"}
,{"stream_name":"stdout","time":289.908980296,"data":"[2026-10-05 15:36:12] [WARNING] rf-detr - Model is not optimized for inference. Latency may be higher than expected. For full GPU throughput (e.g. ~8x on T4 via FP16 Tensor Cores), call model.inference(dtype=torch.float16).\n"}
,{"stream_name":"stdout","time":589.770838821,"data":"   404s frame 25035 (2000 labelled frames)\n"}
,{"stream_name":"stdout","time":893.741295675,"data":"   708s frame 37035 (4000 labelled frames)\n"}
,{"stream_name":"stdout","time":1197.820162738,"data":"  1012s frame 49035 (6000 labelled frames)\n"}
,{"stream_name":"stdout","time":1503.08325859,"data":"  1318s frame 61035 (8000 labelled frames)\n"}
,{"stream_name":"stdout","time":1806.676178206,"data":"  1621s frame 73035 (10000 labelled frames)\n"}
,{"stream_name":"stdout","time":2111.215997501,"data":"  1926s frame 85035 (12000 labelled frames)\n"}
,{"stream_name":"stdout","time":2444.417251163,"data":"  2259s frame 106929 (14000 labelled frames)\n"}
,{"stream_name":"stdout","time":2748.613329665,"data":"  2563s frame 118929 (16000 labelled frames)\n"}
,{"stream_name":"stdout","time":3053.684138617,"data":"  2868s frame 130977 (18000 labelled frames)\n"}
,{"stream_name":"stdout","time":3358.670511663,"data":"  3173s frame 142977 (20000 labelled frames)\n"}
,{"stream_name":"stdout","time":3660.051091818,"data":"  3475s frame 154977 (22000 labelled frames)\n"}
,{"stream_name":"stdout","time":3966.569657847,"data":"  3781s frame 166977 (24000 labelled frames)\n"}
,{"stream_name":"stdout","time":4023.780019106,"data":"{'players': 5573, 'with_votes': 4655, 'changed': 1068, 'old': Counter({'A': 4210, 'B': 1363}), 'new': Counter({'A': 3326, 'B': 2247}), 'labelled_frames': 24367, 'minutes': 64.0}\n"}
,{"stream_name":"stdout","time":4028.518846977,"data":"done 0 67.1 min\n"}
,{"stream_name":"stderr","time":4030.817030863,"data":"/usr/local/lib/python3.13/dist-packages/mistune.py:435: SyntaxWarning: invalid escape sequence '\\|'\n"}
,{"stream_name":"stderr","time":4030.817107914,"data":"  cells[i][c] = re.sub('\\\\\\\\\\|', '|', cell)\n"}
,{"stream_name":"stderr","time":4031.084156897,"data":"/usr/local/lib/python3.13/dist-packages/nbconvert/filters/filter_links.py:36: SyntaxWarning: invalid escape sequence '\\_'\n"}
,{"stream_name":"stderr","time":4031.084188576,"data":"  text = re.sub(r'_', '\\_', text) # Escape underscores in display text\n"}
,{"stream_name":"stderr","time":4031.974073545,"data":"[NbConvertApp] Converting notebook __script__.ipynb to html\n"}
,{"stream_name":"stderr","time":4033.063923908,"data":"[NbConvertApp] Writing 280283 bytes to __results__.html\n"}
]