[{"stream_name":"stdout","time":4.858702884,"data":"662\n"}
,{"stream_name":"stdout","time":8.054998628,"data":"1015\n"}
,{"stream_name":"stdout","time":10.679094033,"data":"1253\n"}
,{"stream_name":"stdout","time":13.023971966,"data":"1650\n"}
,{"stream_name":"stdout","time":15.90639194,"data":"2019\n"}
,{"stream_name":"stdout","time":18.265018547,"data":"2090\n"}
,{"stream_name":"stdout","time":21.271367613,"data":"2310\n"}
,{"stream_name":"stdout","time":24.355559071,"data":"2738\n"}
,{"stream_name":"stdout","time":27.576294056000002,"data":"3604\n"}
,{"stream_name":"stdout","time":29.807929965,"data":"3742\n"}
,{"stream_name":"stdout","time":31.649702314,"data":"3840\n"}
,{"stream_name":"stdout","time":34.15672489,"data":"4436\n"}
,{"stream_name":"stdout","time":36.001960009,"data":"5132\n"}
,{"stream_name":"stdout","time":38.392282226,"data":"5325\n"}
,{"stream_name":"stdout","time":41.090478059,"data":"5513\n"}
,{"stream_name":"stdout","time":44.375642909,"data":"5558\n"}
,{"stream_name":"stdout","time":47.376350598,"data":"5593\n"}
,{"stream_name":"stdout","time":47.376611365,"data":"done 34\n"}
,{"stream_name":"stderr","time":49.564747957,"data":"/usr/local/lib/python3.13/dist-packages/mistune.py:435: SyntaxWarning: invalid escape sequence '\\|'\n"}
,{"stream_name":"stderr","time":49.564775739,"data":"  cells[i][c] = re.sub('\\\\\\\\\\|', '|', cell)\n"}
,{"stream_name":"stderr","time":49.859786722,"data":"/usr/local/lib/python3.13/dist-packages/nbconvert/filters/filter_links.py:36: SyntaxWarning: invalid escape sequence '\\_'\n"}
,{"stream_name":"stderr","time":49.859811679,"data":"  text = re.sub(r'_', '\\_', text) # Escape underscores in display text\n"}
,{"stream_name":"stderr","time":51.204260632,"data":"[NbConvertApp] Converting notebook __script__.ipynb to html\n"}
,{"stream_name":"stderr","time":52.17164831,"data":"[NbConvertApp] Writing 286140 bytes to __results__.html\n"}
]