[{"stream_name":"stdout","time":71.069455661,"data":"   0.0 min  $ nvidia-smi --query-gpu=name,memory.total --format=csv,noheader -\u003e 0 Tesla T4, 15360 MiB\n"}
,{"stream_name":"stdout","time":71.069514013,"data":"Tesla T4, 15360 MiB\n"}
,{"stream_name":"stdout","time":136.991353467,"data":"   1.1 min  $ rm -rf /kaggle/temp/ia \u0026\u0026 git clone -q --depth 1 https://github.com/danielzh1nt0/ipanema-analysis.git /kaggle/temp/ia -\u003e 0 \n"}
,{"stream_name":"stdout","time":173.86275358,"data":"   1.7 min  $ pip install -q \"rfdetr[train]==1.11.0\" -\u003e 0 ━ 69.6/69.6 kB 3.2 MB/s eta 0:00:00\n"}
,{"stream_name":"stdout","time":173.862804498,"data":"ERROR: pip's dependency resolver does not currently take into account all the packages that are installed. This behaviour is the source of the following dependency conflicts.\n"}
,{"stream_name":"stdout","time":173.862813288,"data":"google-adk 1.29.0 requires google-cloud-bigquery-storage\u003e=2.0.0, which is not installed.\n"}
,{"stream_name":"stdout","time":215.537167365,"data":"   2.4 min  versions {'torch': '2.10.0+cu128', 'rfdetr': '?', 'cuda': True}\n"}
,{"stream_name":"stdout","time":215.553134178,"data":"[2026-10-02 15:38:43] [INFO] rf-detr - Downloading pretrained weights for /root/.roboflow/models/rf-detr-medium.pth\n"}
,{"stream_name":"stderr","time":219.591628311,"data":"\r/root/.roboflow/models/rf-detr-medium.pth:   0%|          | 0.00/386M [00:00\u003c?, ?iB/s]\r/root/.roboflow/models/rf-detr-medium.pth:   2%|▏         | 7.72M/386M [00:00\u003c00:04, 80.9MiB/s]\r/root/.roboflow/models/rf-detr-medium.pth:   4%|▍         | 16.5M/386M [00:00\u003c00:04, 87.3MiB/s]\r/root/.roboflow/models/rf-detr-medium.pth:   7%|▋         | 25.2M/386M [00:00\u003c00:04, 89.4MiB/s]\r/root/.roboflow/models/rf-detr-medium.pth:   9%|▉         | 34.1M/386M [00:00\u003c00:04, 90.7MiB/s]\r/root/.roboflow/models/rf-detr-medium.pth:  11%|█         | 42.9M/386M [00:00\u003c00:03, 91.2MiB/s]\r/root/.roboflow/models/rf-detr-medium.pth:  13%|█▎        | 51.8M/386M [00:00\u003c00:03, 92.1MiB/s]\r/root/.roboflow/models/rf-detr-medium.pth:  16%|█▌        | 60.6M/386M [00:00\u003c00:03, 92.3MiB/s]\r/root/.roboflow/models/rf-detr-medium.pth:  18%|█▊        | 69.4M/386M [00:00\u003c00:03, 91.8MiB/s]\r/root/.roboflow/models/rf-detr-medium.pth:  20%|██        | 78.2M/386M [00:00\u003c00:03, 91.6MiB/s]\r/root/.roboflow/models/rf-detr-medium.pth:  23%|██▎       | 87.0M/386M [00:01\u003c00:03, 91.8MiB/s]\r/root/.roboflow/models/rf-detr-medium.pth:  25%|██▍       | 95.9M/386M [00:01\u003c00:03, 92.2MiB/s]\r/root/.roboflow/models/rf-detr-medium.pth:  27%|██▋       | 105M/386M [00:01\u003c00:03, 92.0MiB/s] \r/root/.roboflow/models/rf-detr-medium.pth:  29%|██▉       | 113M/386M [00:01\u003c00:03, 92.1MiB/s]\r/root/.roboflow/models/rf-detr-medium.pth:  32%|███▏      | 123M/386M [00:01\u003c00:02, 93.8MiB/s]\r/root/.roboflow/models/rf-detr-medium.pth:  34%|███▍      | 133M/386M [00:01\u003c00:02, 97.4MiB/s]\r/root/.roboflow/models/rf-detr-medium.pth:  37%|███▋      | 143M/386M [00:01\u003c00:02, 99.3MiB/s]\r/root/.roboflow/models/rf-detr-medium.pth:  40%|███▉      | 153M/386M [00:01\u003c00:02, 101MiB/s] \r/root/.roboflow/models/rf-detr-medium.pth:  42%|████▏     | 163M/386M [00:01\u003c00:02, 102MiB/s]\r/root/.roboflow/models/rf-detr-medium.pth:  45%|████▍     | 173M/386M [00:01\u003c00:02, 102MiB/s]\r/root/.roboflow/models/rf-detr-medium.pth:  47%|████▋     | 182M/386M [00:02\u003c00:02, 103MiB/s]\r/root/.roboflow/models/rf-detr-medium.pth:  50%|████▉     | 193M/386M [00:02\u003c00:01, 104MiB/s]\r/root/.roboflow/models/rf-detr-medium.pth:  53%|█████▎    | 203M/386M [00:02\u003c00:01, 105MiB/s]\r/root/.roboflow/models/rf-detr-medium.pth:  55%|█████▌    | 213M/386M [00:02\u003c00:01, 105MiB/s]\r/root/.roboflow/models/rf-detr-medium.pth:  58%|█████▊    | 223M/386M [00:02\u003c00:01, 105MiB/s]\r/root/.roboflow/models/rf-detr-medium.pth:  60%|██████    | 233M/386M [00:02\u003c00:01, 106MiB/s]\r/root/.roboflow/models/rf-detr-medium.pth:  63%|██████▎   | 243M/386M [00:02\u003c00:01, 106MiB/s]\r/root/.roboflow/models/rf-detr-medium.pth:  66%|██████▌   | 253M/386M [00:02\u003c00:01, 104MiB/s]\r/root/.roboflow/models/rf-detr-medium.pth:  68%|██████▊   | 263M/386M [00:02\u003c00:01, 104MiB/s]\r/root/.roboflow/models/rf-detr-medium.pth:  71%|███████   | 274M/386M [00:02\u003c00:01, 106MiB/s]\r/root/.roboflow/models/rf-detr-medium.pth:  74%|███████▎  | 284M/386M [00:03\u003c00:00, 107MiB/s]\r/root/.roboflow/models/rf-detr-medium.pth:  76%|███████▋  | 295M/386M [00:03\u003c00:00, 107MiB/s]\r/root/.roboflow/models/rf-detr-medium.pth:  79%|███████▉  | 305M/386M [00:03\u003c00:00, 108MiB/s]\r/root/.roboflow/models/rf-detr-medium.pth:  82%|████████▏ | 316M/386M [00:03\u003c00:00, 109MiB/s]\r/root/.roboflow/models/rf-detr-medium.pth:  84%|████████▍ | 326M/386M [00:03\u003c00:00, 109MiB/s]\r/root/.roboflow/models/rf-detr-medium.pth:  87%|████████▋ | 337M/386M [00:03\u003c00:00, 110MiB/s]\r/root/.roboflow/models/rf-detr-medium.pth:  90%|█████████ | 348M/386M [00:03\u003c00:00, 111MiB/s]\r/root/.roboflow/models/rf-detr-medium.pth:  93%|█████████▎| 358M/386M [00:03\u003c00:00, 109MiB/s]\r/root/.roboflow/models/rf-detr-medium.pth:  96%|█████████▌| 369M/386M [00:03\u003c00:00, 111MiB/s]\r/root/.roboflow/models/rf-detr-medium.pth:  98%|█████████▊| 380M/386M [00:03\u003c00:00, 110MiB/s]\r/root/.roboflow/models/rf-detr-medium.pth: 100%|██████████| 386M/386M [00:03\u003c00:00, 102MiB/s]\n"}
,{"stream_name":"stdout","time":220.493613136,"data":"[2026-10-02 15:38:48] [INFO] rf-detr - MD5 validation successful for /root/.roboflow/models/rf-detr-medium.pth\n"}
,{"stream_name":"stderr","time":220.496300162,"data":"[2026-10-02 15:38:48] [WARNING] rf-detr - Using a different number of positional encodings than DINOv2, which means we're not loading DINOv2 backbone weights. This is not a problem if finetuning a pretrained RF-DETR model.\n"}
,{"stream_name":"stderr","time":220.496321637,"data":"[2026-10-02 15:38:48] [WARNING] rf-detr - Using patch size 16 instead of 14, which means we're not loading DINOv2 backbone weights. This is not a problem if finetuning a pretrained RF-DETR model.\n"}
,{"stream_name":"stdout","time":222.099914703,"data":"[2026-10-02 15:38:50] [INFO] rf-detr - File /root/.roboflow/models/rf-detr-medium.pth already exists with correct MD5 hash.\n"}
,{"stream_name":"stdout","time":224.349360582,"data":"   2.6 min  downloaded labels/p15u-vs-vasalund-2026-09-20_trainset_clicks.json: 0 MB in 1 s\n"}
,{"stream_name":"stdout","time":287.689720745,"data":"   3.6 min  downloaded p15u-vs-vasalund-2026-09-20/video.mp4: 3289 MB in 63 s\n"}
,{"stream_name":"stderr","time":294.182256217,"data":"[2026-10-02 15:40:02] [WARNING] rf-detr - Model is not optimized for inference. Latency may be higher than expected. For full GPU throughput (e.g. ~8x on T4 via FP16 Tensor Cores), call model.inference(dtype=torch.float16).\n"}
,{"stream_name":"stdout","time":414.730410367,"data":"   5.7 min  p15u-vs-vasalund-2026-09-20: 1008 labels, 1008 usable, 1008 frames -\u003e {'train_ball': 1821, 'train_empty': 244, 'valid_ball': 40, 'valid_empty': 8} in 127s\n"}
,{"stream_name":"stdout","time":415.219077816,"data":"   5.7 min  downloaded labels/p09-norrviken-vs-solheim-2026-08-30_trainset_clicks.json: 2 MB in 0 s\n"}
,{"stream_name":"stdout","time":487.082238567,"data":"   6.9 min  downloaded p09-norrviken-vs-solheim-2026-08-30/video.mp4: 3733 MB in 72 s\n"}
,{"stream_name":"stdout","time":887.346619149,"data":"  13.6 min  p09-norrviken-vs-solheim-2026-08-30: 23000 labels, 23000 usable, 1150 frames -\u003e {'train_ball': 2205, 'train_empty': 284, 'valid_ball': 46, 'valid_empty': 10} in 400s\n"}
,{"stream_name":"stdout","time":887.879519014,"data":"  13.6 min  downloaded labels/p15u-vs-spanga-2026-09-25_trainset_clicks.json: 0 MB in 1 s\n"}
,{"stream_name":"stdout","time":950.994758992,"data":"  14.7 min  downloaded p15u-vs-spanga-2026-09-25/video.mp4: 3280 MB in 63 s\n"}
,{"stream_name":"stdout","time":1124.715016537,"data":"  17.6 min  p15u-vs-spanga-2026-09-25: 2613 labels, 2613 usable, 1150 frames -\u003e {'train_ball': 1971, 'train_empty': 267, 'valid_ball': 46, 'valid_empty': 5} in 174s\n"}
,{"stream_name":"stdout","time":1125.297514623,"data":"  17.6 min  downloaded labels/p15u-vs-djursholm-2026-09-26_trainset_clicks.json: 4 MB in 1 s\n"}
,{"stream_name":"stdout","time":1203.802858084,"data":"  18.9 min  downloaded p15u-vs-djursholm-2026-09-26/video.mp4: 4086 MB in 78 s\n"}
,{"stream_name":"stdout","time":1615.835366644,"data":"  25.7 min  p15u-vs-djursholm-2026-09-26: 43560 labels, 43560 usable, 1150 frames -\u003e {'train_ball': 1968, 'train_empty': 300, 'valid_ball': 46, 'valid_empty': 11} in 412s\n"}
,{"stream_name":"stdout","time":1622.170321302,"data":"  25.9 min  downloaded SFKBP1109_s1200/video.mp4: 301 MB in 6 s\n"}
,{"stream_name":"stdout","time":1691.649015453,"data":"  27.0 min  downloaded SFKBP1109/video.mp4: 3589 MB in 69 s\n"}
,{"stream_name":"stdout","time":1798.455980596,"data":"  28.8 min  at feet: {'checked': 4511, 'at_feet': 1328, 'copies': 3984}\n"}
,{"stream_name":"stdout","time":1798.475198982,"data":"  28.8 min  dataset: {'train_ball': 8967, 'train_empty': 1229, 'valid_ball': 178, 'valid_empty': 34}\n"}
,{"stream_name":"stdout","time":1807.907162461,"data":"  28.9 min  downloaded p15u-vs-aik-2026-09-21-bd09_s2520/video.mp4: 298 MB in 9 s\n"}
,{"stream_name":"stderr","time":1833.780751384,"data":"[2026-10-02 16:05:41] [WARNING] rf-detr - Using a different number of positional encodings than DINOv2, which means we're not loading DINOv2 backbone weights. This is not a problem if finetuning a pretrained RF-DETR model.\n"}
,{"stream_name":"stderr","time":1833.780809686,"data":"[2026-10-02 16:05:41] [WARNING] rf-detr - Using patch size 16 instead of 14, which means we're not loading DINOv2 backbone weights. This is not a problem if finetuning a pretrained RF-DETR model.\n"}
,{"stream_name":"stderr","time":1835.015054086,"data":"[2026-10-02 16:05:43] [WARNING] rf-detr - Model is not optimized for inference. Latency may be higher than expected. For full GPU throughput (e.g. ~8x on T4 via FP16 Tensor Cores), call model.inference(dtype=torch.float16).\n"}
,{"stream_name":"stdout","time":2027.588995708,"data":"  32.6 min  negatives: {'json': 54, 'sfk_fp': 120, 'sfk_frames': 312, 'copies': 2, 'sec': 229} -\u003e {'train_ball': 9031, 'train_empty': 1513, 'valid_ball': 178, 'valid_empty': 34}\n"}
,{"stream_name":"stdout","time":2029.24371212,"data":"[2026-10-02 16:08:57] [INFO] rf-detr - Downloading pretrained weights for /root/.roboflow/models/rf-detr-small.pth\n"}
,{"stream_name":"stderr","time":2034.581155039,"data":"\r/root/.roboflow/models/rf-detr-small.pth:   0%|          | 0.00/368M [00:00\u003c?, ?iB/s]\r/root/.roboflow/models/rf-detr-small.pth:   1%|          | 2.00M/368M [00:00\u003c00:23, 16.3MiB/s]\r/root/.roboflow/models/rf-detr-small.pth:   2%|▏         | 8.00M/368M [00:00\u003c00:10, 35.5MiB/s]\r/root/.roboflow/models/rf-detr-small.pth:   4%|▍         | 16.0M/368M [00:00\u003c00:08, 44.0MiB/s]\r/root/.roboflow/models/rf-detr-small.pth:   6%|▋         | 23.7M/368M [00:00\u003c00:06, 55.6MiB/s]\r/root/.roboflow/models/rf-detr-small.pth:   9%|▉         | 33.2M/368M [00:00\u003c00:05, 69.2MiB/s]\r/root/.roboflow/models/rf-detr-small.pth:  11%|█         | 40.2M/368M [00:00\u003c00:04, 69.4MiB/s]\r/root/.roboflow/models/rf-detr-small.pth:  13%|█▎        | 48.0M/368M [00:00\u003c00:05, 65.4MiB/s]\r/root/.roboflow/models/rf-detr-small.pth:  16%|█▌        | 57.7M/368M [00:00\u003c00:04, 75.6MiB/s]\r/root/.roboflow/models/rf-detr-small.pth:  18%|█▊        | 67.5M/368M [00:01\u003c00:03, 83.2MiB/s]\r/root/.roboflow/models/rf-detr-small.pth:  21%|██        | 76.8M/368M [00:01\u003c00:03, 87.2MiB/s]\r/root/.roboflow/models/rf-detr-small.pth:  23%|██▎       | 86.0M/368M [00:01\u003c00:04, 70.3MiB/s]\r/root/.roboflow/models/rf-detr-small.pth:  25%|██▌       | 93.4M/368M [00:01\u003c00:04, 64.0MiB/s]\r/root/.roboflow/models/rf-detr-small.pth:  27%|██▋       | 100M/368M [00:01\u003c00:04, 65.6MiB/s] \r/root/.roboflow/models/rf-detr-small.pth:  30%|██▉       | 110M/368M [00:01\u003c00:03, 75.1MiB/s]\r/root/.roboflow/models/rf-detr-small.pth:  32%|███▏      | 118M/368M [00:01\u003c00:03, 77.5MiB/s]\r/root/.roboflow/models/rf-detr-small.pth:  34%|███▍      | 127M/368M [00:01\u003c00:03, 81.5MiB/s]\r/root/.roboflow/models/rf-detr-small.pth:  37%|███▋      | 137M/368M [00:02\u003c00:02, 88.9MiB/s]\r/root/.roboflow/models/rf-detr-small.pth:  40%|███▉      | 146M/368M [00:02\u003c00:02, 79.6MiB/s]\r/root/.roboflow/models/rf-detr-small.pth:  42%|████▏     | 154M/368M [00:02\u003c00:04, 55.9MiB/s]\r/root/.roboflow/models/rf-detr-small.pth:  44%|████▍     | 164M/368M [00:02\u003c00:03, 65.8MiB/s]\r/root/.roboflow/models/rf-detr-small.pth:  47%|████▋     | 171M/368M [00:02\u003c00:03, 59.1MiB/s]\r/root/.roboflow/models/rf-detr-small.pth:  49%|████▉     | 181M/368M [00:02\u003c00:02, 69.5MiB/s]\r/root/.roboflow/models/rf-detr-small.pth:  52%|█████▏    | 192M/368M [00:02\u003c00:02, 78.6MiB/s]\r/root/.roboflow/models/rf-detr-small.pth:  55%|█████▍    | 202M/368M [00:02\u003c00:02, 86.1MiB/s]\r/root/.roboflow/models/rf-detr-small.pth:  57%|█████▋    | 211M/368M [00:03\u003c00:03, 54.5MiB/s]\r/root/.roboflow/models/rf-detr-small.pth:  60%|██████    | 221M/368M [00:03\u003c00:02, 64.6MiB/s]\r/root/.roboflow/models/rf-detr-small.pth:  63%|██████▎   | 231M/368M [00:03\u003c00:01, 73.7MiB/s]\r/root/.roboflow/models/rf-detr-small.pth:  66%|██████▌   | 242M/368M [00:03\u003c00:01, 81.4MiB/s]\r/root/.roboflow/models/rf-detr-small.pth:  68%|██████▊   | 252M/368M [00:03\u003c00:01, 87.6MiB/s]\r/root/.roboflow/models/rf-detr-small.pth:  71%|███████   | 261M/368M [00:03\u003c00:01, 76.6MiB/s]\r/root/.roboflow/models/rf-detr-small.pth:  74%|███████▍  | 272M/368M [00:03\u003c00:01, 84.2MiB/s]\r/root/.roboflow/models/rf-detr-small.pth:  77%|███████▋  | 282M/368M [00:04\u003c00:01, 90.3MiB/s]\r/root/.roboflow/models/rf-detr-small.pth:  79%|███████▉  | 291M/368M [00:04\u003c00:01, 64.4MiB/s]\r/root/.roboflow/models/rf-detr-small.pth:  82%|████████▏ | 301M/368M [00:04\u003c00:00, 73.0MiB/s]\r/root/.roboflow/models/rf-detr-small.pth:  84%|████████▍ | 309M/368M [00:04\u003c00:00, 67.6MiB/s]\r/root/.roboflow/models/rf-detr-small.pth:  87%|████████▋ | 320M/368M [00:04\u003c00:00, 77.0MiB/s]\r/root/.roboflow/models/rf-detr-small.pth:  90%|████████▉ | 330M/368M [00:04\u003c00:00, 84.4MiB/s]\r/root/.roboflow/models/rf-detr-small.pth:  92%|█████████▏| 340M/368M [00:04\u003c00:00, 90.6MiB/s]\r/root/.roboflow/models/rf-detr-small.pth:  95%|█████████▌| 351M/368M [00:05\u003c00:00, 95.6MiB/s]\r/root/.roboflow/models/rf-detr-small.pth:  98%|█████████▊| 361M/368M [00:05\u003c00:00, 99.5MiB/s]\r/root/.roboflow/models/rf-detr-small.pth: 100%|██████████| 368M/368M [00:05\u003c00:00, 74.5MiB/s]\n"}
,{"stream_name":"stdout","time":2035.438156288,"data":"[2026-10-02 16:09:03] [INFO] rf-detr - MD5 validation successful for /root/.roboflow/models/rf-detr-small.pth\n"}
,{"stream_name":"stderr","time":2035.439400322,"data":"[2026-10-02 16:09:03] [WARNING] rf-detr - Using a different number of positional encodings than DINOv2, which means we're not loading DINOv2 backbone weights. This is not a problem if finetuning a pretrained RF-DETR model.\n"}
,{"stream_name":"stderr","time":2035.439473225,"data":"[2026-10-02 16:09:03] [WARNING] rf-detr - Using patch size 16 instead of 14, which means we're not loading DINOv2 backbone weights. This is not a problem if finetuning a pretrained RF-DETR model.\n"}
,{"stream_name":"stdout","time":2036.720612551,"data":"[2026-10-02 16:09:04] [INFO] rf-detr - File /root/.roboflow/models/rf-detr-small.pth already exists with correct MD5 hash.\n"}
,{"stream_name":"stdout","time":2038.324985924,"data":"  32.8 min  training RF-DETR small at 640 px, 12 epochs, batch 4, cap 2.6 h\n"}
,{"stream_name":"stderr","time":2038.331129112,"data":"[2026-10-02 16:09:06] [WARNING] rf-detr - Using a different number of positional encodings than DINOv2, which means we're not loading DINOv2 backbone weights. This is not a problem if finetuning a pretrained RF-DETR model.\n"}
,{"stream_name":"stderr","time":2038.331146236,"data":"[2026-10-02 16:09:06] [WARNING] rf-detr - Using patch size 16 instead of 14, which means we're not loading DINOv2 backbone weights. This is not a problem if finetuning a pretrained RF-DETR model.\n"}
,{"stream_name":"stdout","time":2039.615494749,"data":"[2026-10-02 16:09:07] [INFO] rf-detr - File /root/.roboflow/models/rf-detr-small.pth already exists with correct MD5 hash.\n"}
,{"stream_name":"stderr","time":2041.415083558,"data":"[2026-10-02 16:09:09] [WARNING] rf-detr - Checkpoint has 90 classes but model is configured for 1. The detection head will be re-initialized to 1 classes.\n"}
,{"stream_name":"stderr","time":2042.243189589,"data":"Using 16bit Automatic Mixed Precision (AMP)\n"}
,{"stream_name":"stderr","time":2042.300926055,"data":"GPU available: True (cuda), used: True\n"}
,{"stream_name":"stderr","time":2042.300952912,"data":"TPU available: False, using: 0 TPU cores\n"}
,{"stream_name":"stderr","time":2042.301049696,"data":"💡 Tip: For seamless cloud logging and experiment tracking, try installing [litlogger](https://pypi.org/project/litlogger/) to enable LitLogger, which logs metrics and artifacts automatically to the Lightning Experiments platform.\n"}
,{"stream_name":"stderr","time":2042.302766012,"data":"/usr/local/lib/python3.12/dist-packages/lightning_fabric/loggers/csv_logs.py:268: Experiment logs directory /kaggle/temp/rf_out/ exists and is not empty. Previous log files in this directory will be deleted when the new ones are saved!\n"}
,{"stream_name":"stdout","time":2042.304154,"data":"[2026-10-02 16:09:10] [INFO] rf-detr - Using multi-scale training with square resize and scales: [768]\n"}
,{"stream_name":"stdout","time":2042.312046888,"data":"[2026-10-02 16:09:10] [INFO] rf-detr - Built 1 Albumentations transforms from config\n"}
,{"stream_name":"stdout","time":2042.312562328,"data":"[2026-10-02 16:09:10] [INFO] rf-detr - Built 1 Albumentations transforms from config\n"}
,{"stream_name":"stdout","time":2044.20134876,"data":"creating index...\n"}
,{"stream_name":"stdout","time":2044.206045456,"data":"index created!\n"}
,{"stream_name":"stdout","time":2044.207300891,"data":"[2026-10-02 16:09:12] [INFO] rf-detr - Using multi-scale training with square resize and scales: [768]\n"}
,{"stream_name":"stdout","time":2044.245034093,"data":"creating index...\n"}
,{"stream_name":"stdout","time":2044.245119425,"data":"index created!\n"}
,{"stream_name":"stderr","time":2044.921750395,"data":"/usr/local/lib/python3.12/dist-packages/pytorch_lightning/callbacks/model_checkpoint.py:881: Checkpoint directory /kaggle/temp/rf_out exists and is not empty.\n"}
,{"stream_name":"stderr","time":2044.922357493,"data":"LOCAL_RANK: 0 - CUDA_VISIBLE_DEVICES: [0,1]\n"}
,{"stream_name":"stderr","time":2044.990866738,"data":"Loading `train_dataloader` to estimate number of stepping batches.\n"}
,{"stream_name":"stderr","time":2044.991630722,"data":"/usr/local/lib/python3.12/dist-packages/pytorch_lightning/utilities/_pytree.py:21: `isinstance(treespec, LeafSpec)` is deprecated, use `isinstance(treespec, TreeSpec) and treespec.is_leaf()` instead.\n"}
,{"stream_name":"stderr","time":2045.320528023,"data":"/usr/local/lib/python3.12/dist-packages/pytorch_lightning/utilities/model_summary/model_summary.py:242: Precision 16-mixed is not supported by the model summary.  Estimated model size in MB will not be accurate. Using 32 bits instead.\n"}
,{"stream_name":"stdout","time":2045.350715578,"data":"┏━━━┳━━━━━━━━━━━━━┳━━━━━━━━━━━━━━┳━━━━━━━━┳━━━━━━━┳━━━━━━━┓\n"}
,{"stream_name":"stdout","time":2045.35078189,"data":"┃   ┃ Name        ┃ Type         ┃ Params ┃ Mode  ┃ FLOPs ┃\n"}
,{"stream_name":"stdout","time":2045.350788594,"data":"┡━━━╇━━━━━━━━━━━━━╇━━━━━━━━━━━━━━╇━━━━━━━━╇━━━━━━━╇━━━━━━━┩\n"}
,{"stream_name":"stdout","time":2045.350794104,"data":"│ 0 │ model       │ LWDETR       │ 32.0 M │ train │     0 │\n"}
,{"stream_name":"stdout","time":2045.350799092,"data":"│ 1 │ criterion   │ SetCriterion │      0 │ train │     0 │\n"}
,{"stream_name":"stdout","time":2045.35080405,"data":"│ 2 │ postprocess │ PostProcess  │      0 │ train │     0 │\n"}
,{"stream_name":"stdout","time":2045.350808364,"data":"└───┴─────────────┴──────────────┴────────┴───────┴───────┘\n"}
,{"stream_name":"stdout","time":2045.357293829,"data":"Trainable params: 32.0 M                                                        \n"}
,{"stream_name":"stdout","time":2045.357321175,"data":"Non-trainable params: 0                                                         \n"}
,{"stream_name":"stdout","time":2045.35732599,"data":"Total params: 32.0 M                                                            \n"}
,{"stream_name":"stdout","time":2045.357330242,"data":"Total estimated model params size (MB): 128.049                                 \n"}
,{"stream_name":"stdout","time":2045.357334587,"data":"Modules in train mode: 466                                                      \n"}
,{"stream_name":"stdout","time":2045.357338792,"data":"Modules in eval mode: 0                                                         \n"}
,{"stream_name":"stdout","time":2045.357343607,"data":"Total FLOPs: 0                                                                  \n"}
,{"stream_name":"stderr","time":2045.357919723,"data":"Seed set to 0\n"}
,{"stream_name":"stderr","time":2046.392992675,"data":"/usr/local/lib/python3.12/dist-packages/rfdetr/models/_assignment.py:76: RuntimeWarning: Triton linear-assignment support is unavailable for this CUDA input; using SciPy on CPU.\n"}
,{"stream_name":"stderr","time":2046.393021479,"data":"  assignment = torch_linear_assignment.batch_linear_assignment(stacked)\n"}
,{"stream_name":"stderr","time":2048.308165435,"data":"/usr/local/lib/python3.12/dist-packages/pytorch_lightning/core/module.py:1333: Detected call of `lr_scheduler.step()` before `optimizer.step()`. In PyTorch 1.1.0 and later, you should call them in the opposite order: `optimizer.step()` before `lr_scheduler.step()`.  Failure to do this will result in PyTorch skipping the first value of the learning rate schedule. See more details at https://pytorch.org/docs/stable/optim.html#how-to-adjust-learning-rate\n"}
,{"stream_name":"stdout","time":2965.458959939,"data":"[2026-10-02 16:24:33] [INFO] rf-detr - Skipping validation-loss computation: compute_val_loss='auto' found no scheduler or callback monitoring 'val/loss', so no 'val/loss' metric is logged this run. Set compute_val_loss=True to log it every validation epoch (for example to read the curve from metrics.csv, TensorBoard, or Weights \u0026 Biases).\n"}
,{"stream_name":"stdout","time":2969.202948521,"data":"            Val \u001b[1m(\u001b[0mema\u001b[1m)\u001b[0m \u001b[1m(\u001b[0mEpoch \u001b[1;36m1\u001b[0m/\u001b[1;36m12\u001b[0m\u001b[1m)\u001b[0m — Overall Metrics            \n"}
,{"stream_name":"stdout","time":2969.202988351,"data":"┏━━━━━━━━━━━━━━━━━━━━━━━━━━┳━━━━━━━━┳━━━━━━━━━━━━━━━━━━━━━━━━━━┓\n"}
,{"stream_name":"stdout","time":2969.202997613,"data":"┃           mAP            ┃  mAR   ┃         F1 sweep         ┃\n"}
,{"stream_name":"stdout","time":2969.203002808,"data":"┡━━━━━━━━┯━━━━━━━━┯━━━━━━━━╇━━━━━━━━╇━━━━━━━━┯━━━━━━━━┯━━━━━━━━┩\n"}
,{"stream_name":"stdout","time":2969.203008883,"data":"│ \u001b[1;92m50:95\u001b[0m  │   \u001b[1;36m50\u001b[0m   │   \u001b[1;36m75\u001b[0m   │  @\u001b[1;36m500\u001b[0m  │   F1   │  Prec  │ Recall │\n"}
,{"stream_name":"stdout","time":2969.203015272,"data":"├────────┼────────┼────────┼────────┼────────┼────────┼────────┤\n"}
,{"stream_name":"stdout","time":2969.203021311,"data":"│ \u001b[1;36m0.5840\u001b[0m │ \u001b[1;36m0.9652\u001b[0m │ \u001b[1;36m0.6633\u001b[0m │ \u001b[1;36m0.7354\u001b[0m │ \u001b[1;36m0.9133\u001b[0m │ \u001b[1;36m0.9405\u001b[0m │ \u001b[1;36m0.8876\u001b[0m │\n"}
,{"stream_name":"stdout","time":2969.203027813,"data":"└────────┴────────┴────────┴────────┴────────┴────────┴────────┘\n"}
,{"stream_name":"stdout","time":2969.42834996,"data":"[2026-10-02 16:24:37] [INFO] rf-detr - Best EMA metric improved to 0.5840 (epoch 0)\n"}
,{"stream_name":"stdout","time":3894.821709611,"data":"            Val \u001b[1m(\u001b[0mema\u001b[1m)\u001b[0m \u001b[1m(\u001b[0mEpoch \u001b[1;36m2\u001b[0m/\u001b[1;36m12\u001b[0m\u001b[1m)\u001b[0m — Overall Metrics            \n"}
,{"stream_name":"stdout","time":3894.821769343,"data":"┏━━━━━━━━━━━━━━━━━━━━━━━━━━┳━━━━━━━━┳━━━━━━━━━━━━━━━━━━━━━━━━━━┓\n"}
,{"stream_name":"stdout","time":3894.821778367,"data":"┃           mAP            ┃  mAR   ┃         F1 sweep         ┃\n"}
,{"stream_name":"stdout","time":3894.82178335,"data":"┡━━━━━━━━┯━━━━━━━━┯━━━━━━━━╇━━━━━━━━╇━━━━━━━━┯━━━━━━━━┯━━━━━━━━┩\n"}
,{"stream_name":"stdout","time":3894.821788261,"data":"│ \u001b[1;92m50:95\u001b[0m  │   \u001b[1;36m50\u001b[0m   │   \u001b[1;36m75\u001b[0m   │  @\u001b[1;36m500\u001b[0m  │   F1   │  Prec  │ Recall │\n"}
,{"stream_name":"stdout","time":3894.821793453,"data":"├────────┼────────┼────────┼────────┼────────┼────────┼────────┤\n"}
,{"stream_name":"stdout","time":3894.821798297,"data":"│ \u001b[1;36m0.6073\u001b[0m │ \u001b[1;36m0.9674\u001b[0m │ \u001b[1;36m0.6856\u001b[0m │ \u001b[1;36m0.7438\u001b[0m │ \u001b[1;36m0.9284\u001b[0m │ \u001b[1;36m0.9474\u001b[0m │ \u001b[1;36m0.9101\u001b[0m │\n"}
,{"stream_name":"stdout","time":3894.821819149,"data":"└────────┴────────┴────────┴────────┴────────┴────────┴────────┘\n"}
,{"stream_name":"stdout","time":3895.016760132,"data":"[2026-10-02 16:40:03] [INFO] rf-detr - Best EMA metric improved to 0.6073 (epoch 1)\n"}
,{"stream_name":"stdout","time":4809.035652159,"data":"            Val \u001b[1m(\u001b[0mema\u001b[1m)\u001b[0m \u001b[1m(\u001b[0mEpoch \u001b[1;36m3\u001b[0m/\u001b[1;36m12\u001b[0m\u001b[1m)\u001b[0m — Overall Metrics            \n"}
,{"stream_name":"stdout","time":4809.035719386,"data":"┏━━━━━━━━━━━━━━━━━━━━━━━━━━┳━━━━━━━━┳━━━━━━━━━━━━━━━━━━━━━━━━━━┓\n"}
,{"stream_name":"stdout","time":4809.035727865,"data":"┃           mAP            ┃  mAR   ┃         F1 sweep         ┃\n"}
,{"stream_name":"stdout","time":4809.035732897,"data":"┡━━━━━━━━┯━━━━━━━━┯━━━━━━━━╇━━━━━━━━╇━━━━━━━━┯━━━━━━━━┯━━━━━━━━┩\n"}
,{"stream_name":"stdout","time":4809.035738044,"data":"│ \u001b[1;92m50:95\u001b[0m  │   \u001b[1;36m50\u001b[0m   │   \u001b[1;36m75\u001b[0m   │  @\u001b[1;36m500\u001b[0m  │   F1   │  Prec  │ Recall │\n"}
,{"stream_name":"stdout","time":4809.035743704,"data":"├────────┼────────┼────────┼────────┼────────┼────────┼────────┤\n"}
,{"stream_name":"stdout","time":4809.035748314,"data":"│ \u001b[1;36m0.6207\u001b[0m │ \u001b[1;36m0.9673\u001b[0m │ \u001b[1;36m0.7347\u001b[0m │ \u001b[1;36m0.7466\u001b[0m │ \u001b[1;36m0.9138\u001b[0m │ \u001b[1;36m0.9353\u001b[0m │ \u001b[1;36m0.8933\u001b[0m │\n"}
,{"stream_name":"stdout","time":4809.035753577,"data":"└────────┴────────┴────────┴────────┴────────┴────────┴────────┘\n"}
,{"stream_name":"stdout","time":4809.246018003,"data":"[2026-10-02 16:55:17] [INFO] rf-detr - Best EMA metric improved to 0.6207 (epoch 2)\n"}
,{"stream_name":"stdout","time":5730.482358987,"data":"            Val \u001b[1m(\u001b[0mema\u001b[1m)\u001b[0m \u001b[1m(\u001b[0mEpoch \u001b[1;36m4\u001b[0m/\u001b[1;36m12\u001b[0m\u001b[1m)\u001b[0m — Overall Metrics            \n"}
,{"stream_name":"stdout","time":5730.482404696,"data":"┏━━━━━━━━━━━━━━━━━━━━━━━━━━┳━━━━━━━━┳━━━━━━━━━━━━━━━━━━━━━━━━━━┓\n"}
,{"stream_name":"stdout","time":5730.482411957,"data":"┃           mAP            ┃  mAR   ┃         F1 sweep         ┃\n"}
,{"stream_name":"stdout","time":5730.482416617,"data":"┡━━━━━━━━┯━━━━━━━━┯━━━━━━━━╇━━━━━━━━╇━━━━━━━━┯━━━━━━━━┯━━━━━━━━┩\n"}
,{"stream_name":"stdout","time":5730.482421557,"data":"│ \u001b[1;92m50:95\u001b[0m  │   \u001b[1;36m50\u001b[0m   │   \u001b[1;36m75\u001b[0m   │  @\u001b[1;36m500\u001b[0m  │   F1   │  Prec  │ Recall │\n"}
,{"stream_name":"stdout","time":5730.482426636,"data":"├────────┼────────┼────────┼────────┼────────┼────────┼────────┤\n"}
,{"stream_name":"stdout","time":5730.482449212,"data":"│ \u001b[1;36m0.6271\u001b[0m │ \u001b[1;36m0.9640\u001b[0m │ \u001b[1;36m0.7796\u001b[0m │ \u001b[1;36m0.7607\u001b[0m │ \u001b[1;36m0.9174\u001b[0m │ \u001b[1;36m0.9306\u001b[0m │ \u001b[1;36m0.9045\u001b[0m │\n"}
,{"stream_name":"stdout","time":5730.482452301,"data":"└────────┴────────┴────────┴────────┴────────┴────────┴────────┘\n"}
,{"stream_name":"stdout","time":5730.708533458,"data":"[2026-10-02 17:10:38] [INFO] rf-detr - Best EMA metric improved to 0.6271 (epoch 3)\n"}
,{"stream_name":"stdout","time":6650.703379184,"data":"            Val \u001b[1m(\u001b[0mema\u001b[1m)\u001b[0m \u001b[1m(\u001b[0mEpoch \u001b[1;36m5\u001b[0m/\u001b[1;36m12\u001b[0m\u001b[1m)\u001b[0m — Overall Metrics            \n"}
,{"stream_name":"stdout","time":6650.703430517,"data":"┏━━━━━━━━━━━━━━━━━━━━━━━━━━┳━━━━━━━━┳━━━━━━━━━━━━━━━━━━━━━━━━━━┓\n"}
,{"stream_name":"stdout","time":6650.703436387,"data":"┃           mAP            ┃  mAR   ┃         F1 sweep         ┃\n"}
,{"stream_name":"stdout","time":6650.703439592,"data":"┡━━━━━━━━┯━━━━━━━━┯━━━━━━━━╇━━━━━━━━╇━━━━━━━━┯━━━━━━━━┯━━━━━━━━┩\n"}
,{"stream_name":"stdout","time":6650.703442942,"data":"│ \u001b[1;92m50:95\u001b[0m  │   \u001b[1;36m50\u001b[0m   │   \u001b[1;36m75\u001b[0m   │  @\u001b[1;36m500\u001b[0m  │   F1   │  Prec  │ Recall │\n"}
,{"stream_name":"stdout","time":6650.703446602,"data":"├────────┼────────┼────────┼────────┼────────┼────────┼────────┤\n"}
,{"stream_name":"stdout","time":6650.703449942,"data":"│ \u001b[1;36m0.6231\u001b[0m │ \u001b[1;36m0.9596\u001b[0m │ \u001b[1;36m0.7519\u001b[0m │ \u001b[1;36m0.7517\u001b[0m │ \u001b[1;36m0.9164\u001b[0m │ \u001b[1;36m0.8808\u001b[0m │ \u001b[1;36m0.9551\u001b[0m │\n"}
,{"stream_name":"stdout","time":6650.703453354,"data":"└────────┴────────┴────────┴────────┴────────┴────────┴────────┘\n"}
,{"stream_name":"stdout","time":7570.473483074,"data":"            Val \u001b[1m(\u001b[0mema\u001b[1m)\u001b[0m \u001b[1m(\u001b[0mEpoch \u001b[1;36m6\u001b[0m/\u001b[1;36m12\u001b[0m\u001b[1m)\u001b[0m — Overall Metrics            \n"}
,{"stream_name":"stdout","time":7570.473532926,"data":"┏━━━━━━━━━━━━━━━━━━━━━━━━━━┳━━━━━━━━┳━━━━━━━━━━━━━━━━━━━━━━━━━━┓\n"}
,{"stream_name":"stdout","time":7570.473541741,"data":"┃           mAP            ┃  mAR   ┃         F1 sweep         ┃\n"}
,{"stream_name":"stdout","time":7570.47354654,"data":"┡━━━━━━━━┯━━━━━━━━┯━━━━━━━━╇━━━━━━━━╇━━━━━━━━┯━━━━━━━━┯━━━━━━━━┩\n"}
,{"stream_name":"stdout","time":7570.47355152,"data":"│ \u001b[1;92m50:95\u001b[0m  │   \u001b[1;36m50\u001b[0m   │   \u001b[1;36m75\u001b[0m   │  @\u001b[1;36m500\u001b[0m  │   F1   │  Prec  │ Recall │\n"}
,{"stream_name":"stdout","time":7570.473556658,"data":"├────────┼────────┼────────┼────────┼────────┼────────┼────────┤\n"}
,{"stream_name":"stdout","time":7570.473575304,"data":"│ \u001b[1;36m0.6199\u001b[0m │ \u001b[1;36m0.9571\u001b[0m │ \u001b[1;36m0.7734\u001b[0m │ \u001b[1;36m0.7522\u001b[0m │ \u001b[1;36m0.9164\u001b[0m │ \u001b[1;36m0.9408\u001b[0m │ \u001b[1;36m0.8933\u001b[0m │\n"}
,{"stream_name":"stdout","time":7570.473579823,"data":"└────────┴────────┴────────┴────────┴────────┴────────┴────────┘\n"}
,{"stream_name":"stdout","time":8490.40567482,"data":"            Val \u001b[1m(\u001b[0mema\u001b[1m)\u001b[0m \u001b[1m(\u001b[0mEpoch \u001b[1;36m7\u001b[0m/\u001b[1;36m12\u001b[0m\u001b[1m)\u001b[0m — Overall Metrics            \n"}
,{"stream_name":"stdout","time":8490.405733236,"data":"┏━━━━━━━━━━━━━━━━━━━━━━━━━━┳━━━━━━━━┳━━━━━━━━━━━━━━━━━━━━━━━━━━┓\n"}
,{"stream_name":"stdout","time":8490.405739025,"data":"┃           mAP            ┃  mAR   ┃         F1 sweep         ┃\n"}
,{"stream_name":"stdout","time":8490.405742325,"data":"┡━━━━━━━━┯━━━━━━━━┯━━━━━━━━╇━━━━━━━━╇━━━━━━━━┯━━━━━━━━┯━━━━━━━━┩\n"}
,{"stream_name":"stdout","time":8490.405745851,"data":"│ \u001b[1;92m50:95\u001b[0m  │   \u001b[1;36m50\u001b[0m   │   \u001b[1;36m75\u001b[0m   │  @\u001b[1;36m500\u001b[0m  │   F1   │  Prec  │ Recall │\n"}
,{"stream_name":"stdout","time":8490.405749567,"data":"├────────┼────────┼────────┼────────┼────────┼────────┼────────┤\n"}
,{"stream_name":"stdout","time":8490.405752934,"data":"│ \u001b[1;36m0.6373\u001b[0m │ \u001b[1;36m0.9598\u001b[0m │ \u001b[1;36m0.7868\u001b[0m │ \u001b[1;36m0.7534\u001b[0m │ \u001b[1;36m0.9101\u001b[0m │ \u001b[1;36m0.9101\u001b[0m │ \u001b[1;36m0.9101\u001b[0m │\n"}
,{"stream_name":"stdout","time":8490.405756679,"data":"└────────┴────────┴────────┴────────┴────────┴────────┴────────┘\n"}
,{"stream_name":"stdout","time":8490.627133426,"data":"[2026-10-02 17:56:38] [INFO] rf-detr - Best EMA metric improved to 0.6373 (epoch 6)\n"}
,{"stream_name":"stdout","time":9417.227974676,"data":"            Val \u001b[1m(\u001b[0mema\u001b[1m)\u001b[0m \u001b[1m(\u001b[0mEpoch \u001b[1;36m8\u001b[0m/\u001b[1;36m12\u001b[0m\u001b[1m)\u001b[0m — Overall Metrics            \n"}
,{"stream_name":"stdout","time":9417.228025193,"data":"┏━━━━━━━━━━━━━━━━━━━━━━━━━━┳━━━━━━━━┳━━━━━━━━━━━━━━━━━━━━━━━━━━┓\n"}
,{"stream_name":"stdout","time":9417.228038712,"data":"┃           mAP            ┃  mAR   ┃         F1 sweep         ┃\n"}
,{"stream_name":"stdout","time":9417.228042976,"data":"┡━━━━━━━━┯━━━━━━━━┯━━━━━━━━╇━━━━━━━━╇━━━━━━━━┯━━━━━━━━┯━━━━━━━━┩\n"}
,{"stream_name":"stdout","time":9417.228046823,"data":"│ \u001b[1;92m50:95\u001b[0m  │   \u001b[1;36m50\u001b[0m   │   \u001b[1;36m75\u001b[0m   │  @\u001b[1;36m500\u001b[0m  │   F1   │  Prec  │ Recall │\n"}
,{"stream_name":"stdout","time":9417.228050847,"data":"├────────┼────────┼────────┼────────┼────────┼────────┼────────┤\n"}
,{"stream_name":"stdout","time":9417.228065638,"data":"│ \u001b[1;36m0.6341\u001b[0m │ \u001b[1;36m0.9602\u001b[0m │ \u001b[1;36m0.7552\u001b[0m │ \u001b[1;36m0.7489\u001b[0m │ \u001b[1;36m0.9201\u001b[0m │ \u001b[1;36m0.9027\u001b[0m │ \u001b[1;36m0.9382\u001b[0m │\n"}
,{"stream_name":"stdout","time":9417.228069101,"data":"└────────┴────────┴────────┴────────┴────────┴────────┴────────┘\n"}
,{"stream_name":"stdout","time":10331.787585145,"data":"            Val \u001b[1m(\u001b[0mema\u001b[1m)\u001b[0m \u001b[1m(\u001b[0mEpoch \u001b[1;36m9\u001b[0m/\u001b[1;36m12\u001b[0m\u001b[1m)\u001b[0m — Overall Metrics            \n"}
,{"stream_name":"stdout","time":10331.787639752,"data":"┏━━━━━━━━━━━━━━━━━━━━━━━━━━┳━━━━━━━━┳━━━━━━━━━━━━━━━━━━━━━━━━━━┓\n"}
,{"stream_name":"stdout","time":10331.78764835,"data":"┃           mAP            ┃  mAR   ┃         F1 sweep         ┃\n"}
,{"stream_name":"stdout","time":10331.787653361,"data":"┡━━━━━━━━┯━━━━━━━━┯━━━━━━━━╇━━━━━━━━╇━━━━━━━━┯━━━━━━━━┯━━━━━━━━┩\n"}
,{"stream_name":"stdout","time":10331.787659098,"data":"│ \u001b[1;92m50:95\u001b[0m  │   \u001b[1;36m50\u001b[0m   │   \u001b[1;36m75\u001b[0m   │  @\u001b[1;36m500\u001b[0m  │   F1   │  Prec  │ Recall │\n"}
,{"stream_name":"stdout","time":10331.787664982,"data":"├────────┼────────┼────────┼────────┼────────┼────────┼────────┤\n"}
,{"stream_name":"stdout","time":10331.787670365,"data":"│ \u001b[1;36m0.6263\u001b[0m │ \u001b[1;36m0.9630\u001b[0m │ \u001b[1;36m0.7423\u001b[0m │ \u001b[1;36m0.7489\u001b[0m │ \u001b[1;36m0.9231\u001b[0m │ \u001b[1;36m0.9032\u001b[0m │ \u001b[1;36m0.9438\u001b[0m │\n"}
,{"stream_name":"stdout","time":10331.787676572,"data":"└────────┴────────┴────────┴────────┴────────┴────────┴────────┘\n"}
,{"stream_name":"stdout","time":11254.916033901,"data":"           Val \u001b[1m(\u001b[0mema\u001b[1m)\u001b[0m \u001b[1m(\u001b[0mEpoch \u001b[1;36m10\u001b[0m/\u001b[1;36m12\u001b[0m\u001b[1m)\u001b[0m — Overall Metrics            \n"}
,{"stream_name":"stdout","time":11254.916086337,"data":"┏━━━━━━━━━━━━━━━━━━━━━━━━━━┳━━━━━━━━┳━━━━━━━━━━━━━━━━━━━━━━━━━━┓\n"}
,{"stream_name":"stdout","time":11254.916097455,"data":"┃           mAP            ┃  mAR   ┃         F1 sweep         ┃\n"}
,{"stream_name":"stdout","time":11254.916101086,"data":"┡━━━━━━━━┯━━━━━━━━┯━━━━━━━━╇━━━━━━━━╇━━━━━━━━┯━━━━━━━━┯━━━━━━━━┩\n"}
,{"stream_name":"stdout","time":11254.916104506,"data":"│ \u001b[1;92m50:95\u001b[0m  │   \u001b[1;36m50\u001b[0m   │   \u001b[1;36m75\u001b[0m   │  @\u001b[1;36m500\u001b[0m  │   F1   │  Prec  │ Recall │\n"}
,{"stream_name":"stdout","time":11254.916107997,"data":"├────────┼────────┼────────┼────────┼────────┼────────┼────────┤\n"}
,{"stream_name":"stdout","time":11254.916111241,"data":"│ \u001b[1;36m0.6314\u001b[0m │ \u001b[1;36m0.9628\u001b[0m │ \u001b[1;36m0.7369\u001b[0m │ \u001b[1;36m0.7551\u001b[0m │ \u001b[1;36m0.9278\u001b[0m │ \u001b[1;36m0.9176\u001b[0m │ \u001b[1;36m0.9382\u001b[0m │\n"}
,{"stream_name":"stdout","time":11254.916125941,"data":"└────────┴────────┴────────┴────────┴────────┴────────┴────────┘\n"}
,{"stream_name":"stderr","time":11405.712224516,"data":"Time limit reached. Elapsed time is 2:36:00. Signaling Trainer to stop.\n"}
,{"stream_name":"stdout","time":11409.555627989,"data":"           Val \u001b[1m(\u001b[0mema\u001b[1m)\u001b[0m \u001b[1m(\u001b[0mEpoch \u001b[1;36m11\u001b[0m/\u001b[1;36m12\u001b[0m\u001b[1m)\u001b[0m — Overall Metrics            \n"}
,{"stream_name":"stdout","time":11409.555667577,"data":"┏━━━━━━━━━━━━━━━━━━━━━━━━━━┳━━━━━━━━┳━━━━━━━━━━━━━━━━━━━━━━━━━━┓\n"}
,{"stream_name":"stdout","time":11409.555676404,"data":"┃           mAP            ┃  mAR   ┃         F1 sweep         ┃\n"}
,{"stream_name":"stdout","time":11409.555681702,"data":"┡━━━━━━━━┯━━━━━━━━┯━━━━━━━━╇━━━━━━━━╇━━━━━━━━┯━━━━━━━━┯━━━━━━━━┩\n"}
,{"stream_name":"stdout","time":11409.555687241,"data":"│ \u001b[1;92m50:95\u001b[0m  │   \u001b[1;36m50\u001b[0m   │   \u001b[1;36m75\u001b[0m   │  @\u001b[1;36m500\u001b[0m  │   F1   │  Prec  │ Recall │\n"}
,{"stream_name":"stdout","time":11409.555692954,"data":"├────────┼────────┼────────┼────────┼────────┼────────┼────────┤\n"}
,{"stream_name":"stdout","time":11409.555698618,"data":"│ \u001b[1;36m0.6290\u001b[0m │ \u001b[1;36m0.9632\u001b[0m │ \u001b[1;36m0.7344\u001b[0m │ \u001b[1;36m0.7506\u001b[0m │ \u001b[1;36m0.9278\u001b[0m │ \u001b[1;36m0.9176\u001b[0m │ \u001b[1;36m0.9382\u001b[0m │\n"}
,{"stream_name":"stdout","time":11409.55570429,"data":"└────────┴────────┴────────┴────────┴────────┴────────┴────────┘\n"}
,{"stream_name":"stdout","time":11412.773634796,"data":"[2026-10-02 18:45:20] [INFO] rf-detr - Best total checkpoint saved from EMA (regular=0.0000, ema=0.6373)\n"}
,{"stream_name":"stdout","time":11412.93991308,"data":" 189.0 min  training done in 156.2 min; outputs ['checkpoint_best_ema.pth', 'checkpoint_best_total.pth', 'last.ckpt', 'last_ema.pth', 'metrics.csv', 'training_config.json']\n"}
,{"stream_name":"stderr","time":11413.05373325,"data":"/usr/local/lib/python3.12/dist-packages/rfdetr/detr.py:704: FutureWarning: The `RFDETRBase` was deprecated since v1.7.0. It will be removed in v2.0.0.\n"}
,{"stream_name":"stderr","time":11413.053780462,"data":"  getattr(variant_obj, \"__name__\", symbol): variant_obj\n"}
,{"stream_name":"stderr","time":11413.053786772,"data":"/usr/local/lib/python3.12/dist-packages/rfdetr/detr.py:704: FutureWarning: The `RFDETRLargeDeprecated` was deprecated since v1.7.0. It will be removed in v2.0.0.\n"}
,{"stream_name":"stderr","time":11413.053791666,"data":"  getattr(variant_obj, \"__name__\", symbol): variant_obj\n"}
,{"stream_name":"stderr","time":11413.053796081,"data":"/usr/local/lib/python3.12/dist-packages/rfdetr/detr.py:704: FutureWarning: The `RFDETRSegPreview` was deprecated since v1.7.0. It will be removed in v2.0.0.\n"}
,{"stream_name":"stderr","time":11413.053800529,"data":"  getattr(variant_obj, \"__name__\", symbol): variant_obj\n"}
,{"stream_name":"stderr","time":11413.054988979,"data":"[2026-10-02 18:45:21] [WARNING] rf-detr - Using a different number of positional encodings than DINOv2, which means we're not loading DINOv2 backbone weights. This is not a problem if finetuning a pretrained RF-DETR model.\n"}
,{"stream_name":"stderr","time":11413.055020574,"data":"[2026-10-02 18:45:21] [WARNING] rf-detr - Using patch size 16 instead of 14, which means we're not loading DINOv2 backbone weights. This is not a problem if finetuning a pretrained RF-DETR model.\n"}
,{"stream_name":"stdout","time":11413.674230916,"data":" 189.0 min  loaded /kaggle/temp/rf_out/checkpoint_best_total.pth: resolution 640\n"}
,{"stream_name":"stdout","time":11413.819478477,"data":" 189.0 min  weights {'file': 'rfdetr_ball_small_20261002_fp16.pth', 'MB': 64.2, 'full_checkpoint_MB': 128.4}\n"}
,{"stream_name":"stderr","time":11414.153406526,"data":"[2026-10-02 18:45:22] [WARNING] rf-detr - Model is not optimized for inference. Latency may be higher than expected. For full GPU throughput (e.g. ~8x on T4 via FP16 Tensor Cores), call model.inference(dtype=torch.float16).\n"}
,{"stream_name":"stdout","time":11476.180061035,"data":" 190.1 min  exam: 108 frames graded in 62s\n"}
,{"stream_name":"stdout","time":11476.18343374,"data":" 190.1 min  exam: {\"at_0.25_as_click_finder\": {\"correct\": 87, \"of\": 108, \"ball_found\": 75, \"ball_frames\": 81, \"no_ball_right\": 12, \"no_ball_frames\": 27}, \"ball_among_guesses_0.05\": 80, \"top_guess_is_ball\": 67, \"ball_frames\": 81, \"current_click_finder\": {\"correct\": 70, \"ball_found\": 47, \"among_guesses\": 54, \"top_guess\": 51}, \"wasb\": {\"among_guesses\": 79, \"top_guess\": 56}}\n"}
,{"stream_name":"stdout","time":11531.88908056,"data":" 191.0 min  clip34: {\"moments\": 34, \"ball_among_guesses_0.05\": 34, \"ball_among_top6\": 33, \"top_guess_is_ball\": 26, \"current_click_finder\": {\"among_guesses\": 18, \"top_guess\": 16}, \"wasb\": {\"among_guesses\": 31, \"top_guess\": 26}}\n"}
,{"stream_name":"stdout","time":11539.074822541,"data":" 191.1 min  downloaded SFKBP1109_s1200/video.mp4: 301 MB in 7 s\n"}
,{"stream_name":"stdout","time":11916.792957124,"data":" 197.4 min    ball (RF-DETR): frame 1000, 2.6 frames/s\n"}
,{"stream_name":"stdout","time":12293.965725014,"data":" 203.7 min    ball (RF-DETR): frame 2000, 2.6 frames/s\n"}
,{"stream_name":"stdout","time":12670.891679514,"data":" 210.0 min    ball (RF-DETR): frame 3000, 2.7 frames/s\n"}
,{"stream_name":"stdout","time":13047.768134547,"data":" 216.3 min    ball (RF-DETR): frame 4000, 2.7 frames/s\n"}
,{"stream_name":"stdout","time":13423.96031949,"data":" 222.5 min    ball (RF-DETR): frame 5000, 2.7 frames/s\n"}
,{"stream_name":"stdout","time":13801.20749804,"data":" 228.8 min    ball (RF-DETR): frame 6000, 2.7 frames/s\n"}
,{"stream_name":"stdout","time":14176.765657967,"data":" 235.1 min    ball (RF-DETR): frame 7000, 2.7 frames/s\n"}
,{"stream_name":"stdout","time":14553.663070591,"data":" 241.4 min    ball (RF-DETR): frame 8000, 2.7 frames/s\n"}
,{"stream_name":"stderr","time":14927.777378789,"data":"[2026-10-02 19:43:55] [WARNING] rf-detr - Using a different number of positional encodings than DINOv2, which means we're not loading DINOv2 backbone weights. This is not a problem if finetuning a pretrained RF-DETR model.\n"}
,{"stream_name":"stderr","time":14927.777415969,"data":"[2026-10-02 19:43:55] [WARNING] rf-detr - Using patch size 16 instead of 14, which means we're not loading DINOv2 backbone weights. This is not a problem if finetuning a pretrained RF-DETR model.\n"}
,{"stream_name":"stderr","time":14928.560320696,"data":"[2026-10-02 19:43:56] [WARNING] rf-detr - Model is not optimized for inference. Latency may be higher than expected. For full GPU throughput (e.g. ~8x on T4 via FP16 Tensor Cores), call model.inference(dtype=torch.float16).\n"}
,{"stream_name":"stdout","time":15296.000626882,"data":" 253.7 min    ball (RF-DETR): frame 1000, 2.7 frames/s\n"}
,{"stream_name":"stdout","time":15663.617967994,"data":" 259.9 min    ball (RF-DETR): frame 2000, 2.7 frames/s\n"}
,{"stream_name":"stdout","time":16031.33178312,"data":" 266.0 min    ball (RF-DETR): frame 3000, 2.7 frames/s\n"}
,{"stream_name":"stdout","time":16398.010042507,"data":" 272.1 min    ball (RF-DETR): frame 4000, 2.7 frames/s\n"}
,{"stream_name":"stdout","time":16764.547689956,"data":" 278.2 min    ball (RF-DETR): frame 5000, 2.7 frames/s\n"}
,{"stream_name":"stdout","time":17132.298374351,"data":" 284.4 min    ball (RF-DETR): frame 6000, 2.7 frames/s\n"}
,{"stream_name":"stdout","time":17499.700423405,"data":" 290.5 min    ball (RF-DETR): frame 7000, 2.7 frames/s\n"}
,{"stream_name":"stdout","time":17866.838013688,"data":" 296.6 min    ball (RF-DETR): frame 8000, 2.7 frames/s\n"}
,{"stream_name":"stdout","time":18232.006320833,"data":" 302.7 min  candidates SFKBP1109_s1200: new 8992 old 8992 frames in 111.5 min\n"}
,{"stream_name":"stdout","time":18232.013937925,"data":" 302.7 min  done\n"}
,{"stream_name":"stderr","time":18239.733935545,"data":"/usr/local/lib/python3.12/dist-packages/mistune.py:435: SyntaxWarning: invalid escape sequence '\\|'\n"}
,{"stream_name":"stderr","time":18239.733965873,"data":"  cells[i][c] = re.sub('\\\\\\\\\\|', '|', cell)\n"}
,{"stream_name":"stderr","time":18239.993603624,"data":"/usr/local/lib/python3.12/dist-packages/nbconvert/filters/filter_links.py:36: SyntaxWarning: invalid escape sequence '\\_'\n"}
,{"stream_name":"stderr","time":18239.993633593,"data":"  text = re.sub(r'_', '\\_', text) # Escape underscores in display text\n"}
,{"stream_name":"stderr","time":18240.669626017,"data":"[NbConvertApp] Converting notebook __script__.ipynb to html\n"}
,{"stream_name":"stderr","time":18241.511953826,"data":"[NbConvertApp] Writing 277145 bytes to __results__.html\n"}
]